Component: ARM Compiler 5.06 update 6 (build 750) Tool: armlink [4d35ed]

==============================================================================

Section Cross References

    startup_stm32f103xe.o(RESET) refers to startup_stm32f103xe.o(STACK) for __initial_sp
    startup_stm32f103xe.o(RESET) refers to startup_stm32f103xe.o(.text) for Reset_Handler
    startup_stm32f103xe.o(RESET) refers to stm32f1xx_it.o(i.NMI_Handler) for NMI_Handler
    startup_stm32f103xe.o(RESET) refers to stm32f1xx_it.o(i.HardFault_Handler) for HardFault_Handler
    startup_stm32f103xe.o(RESET) refers to stm32f1xx_it.o(i.MemManage_Handler) for MemManage_Handler
    startup_stm32f103xe.o(RESET) refers to stm32f1xx_it.o(i.BusFault_Handler) for BusFault_Handler
    startup_stm32f103xe.o(RESET) refers to stm32f1xx_it.o(i.UsageFault_Handler) for UsageFault_Handler
    startup_stm32f103xe.o(RESET) refers to port.o(.emb_text) for SVC_Handler
    startup_stm32f103xe.o(RESET) refers to stm32f1xx_it.o(i.DebugMon_Handler) for DebugMon_Handler
    startup_stm32f103xe.o(RESET) refers to port.o(i.SysTick_Handler) for SysTick_Handler
    startup_stm32f103xe.o(RESET) refers to stm32f1xx_it.o(i.ADC1_2_IRQHandler) for ADC1_2_IRQHandler
    startup_stm32f103xe.o(RESET) refers to stm32f1xx_it.o(i.TIM3_IRQHandler) for TIM3_IRQHandler
    startup_stm32f103xe.o(RESET) refers to stm32f1xx_it.o(i.TIM5_IRQHandler) for TIM5_IRQHandler
    startup_stm32f103xe.o(RESET) refers to stm32f1xx_it.o(i.TIM7_IRQHandler) for TIM7_IRQHandler
    startup_stm32f103xe.o(.text) refers to system_stm32f1xx.o(i.SystemInit) for SystemInit
    startup_stm32f103xe.o(.text) refers to entry.o(.ARM.Collect$$$$00000000) for __main
    xd_dig_led.o(i.LED_A_BLUE_Flash) refers to xd_dig_led.o(i.LED_A_BLUE_On) for LED_A_BLUE_On
    xd_dig_led.o(i.LED_A_BLUE_Flash) refers to xd_dig_led.o(i.LED_A_BLUE_Off) for LED_A_BLUE_Off
    xd_dig_led.o(i.LED_A_BLUE_Flash) refers to xd_dig_led.o(.data) for flag
    xd_dig_led.o(i.LED_A_BLUE_Off) refers to stm32f1xx_hal_gpio.o(i.HAL_GPIO_WritePin) for HAL_GPIO_WritePin
    xd_dig_led.o(i.LED_A_BLUE_On) refers to stm32f1xx_hal_gpio.o(i.HAL_GPIO_WritePin) for HAL_GPIO_WritePin
    xd_dig_led.o(i.LED_B_GREEN_Off) refers to stm32f1xx_hal_gpio.o(i.HAL_GPIO_WritePin) for HAL_GPIO_WritePin
    xd_dig_led.o(i.LED_B_GREEN_On) refers to stm32f1xx_hal_gpio.o(i.HAL_GPIO_WritePin) for HAL_GPIO_WritePin
    xd_dig_led.o(i.LED_C_GREEN_Off) refers to stm32f1xx_hal_gpio.o(i.HAL_GPIO_WritePin) for HAL_GPIO_WritePin
    xd_dig_led.o(i.LED_C_GREEN_On) refers to stm32f1xx_hal_gpio.o(i.HAL_GPIO_WritePin) for HAL_GPIO_WritePin
    xd_dig_led.o(i.LED_D_GREEN_Off) refers to stm32f1xx_hal_gpio.o(i.HAL_GPIO_WritePin) for HAL_GPIO_WritePin
    xd_dig_led.o(i.LED_D_GREEN_On) refers to stm32f1xx_hal_gpio.o(i.HAL_GPIO_WritePin) for HAL_GPIO_WritePin
    xd_dig_led.o(i.LED_E_GREEN_Off) refers to stm32f1xx_hal_gpio.o(i.HAL_GPIO_WritePin) for HAL_GPIO_WritePin
    xd_dig_led.o(i.LED_E_GREEN_On) refers to stm32f1xx_hal_gpio.o(i.HAL_GPIO_WritePin) for HAL_GPIO_WritePin
    xd_dig_led.o(i.LED_F_YELLOW_Off) refers to stm32f1xx_hal_gpio.o(i.HAL_GPIO_WritePin) for HAL_GPIO_WritePin
    xd_dig_led.o(i.LED_F_YELLOW_On) refers to stm32f1xx_hal_gpio.o(i.HAL_GPIO_WritePin) for HAL_GPIO_WritePin
    xd_dig_led.o(i.LED_G_YELLOW_Off) refers to stm32f1xx_hal_gpio.o(i.HAL_GPIO_WritePin) for HAL_GPIO_WritePin
    xd_dig_led.o(i.LED_G_YELLOW_On) refers to stm32f1xx_hal_gpio.o(i.HAL_GPIO_WritePin) for HAL_GPIO_WritePin
    xd_dig_led.o(i.LED_H_YELLOW_Off) refers to stm32f1xx_hal_gpio.o(i.HAL_GPIO_WritePin) for HAL_GPIO_WritePin
    xd_dig_led.o(i.LED_H_YELLOW_On) refers to stm32f1xx_hal_gpio.o(i.HAL_GPIO_WritePin) for HAL_GPIO_WritePin
    xd_dig_led.o(i.LED_I_RED_Off) refers to stm32f1xx_hal_gpio.o(i.HAL_GPIO_WritePin) for HAL_GPIO_WritePin
    xd_dig_led.o(i.LED_I_RED_On) refers to stm32f1xx_hal_gpio.o(i.HAL_GPIO_WritePin) for HAL_GPIO_WritePin
    xd_dig_led.o(i.LED_J_Flash) refers to xd_dig_led.o(i.LED_J_RED_On) for LED_J_RED_On
    xd_dig_led.o(i.LED_J_Flash) refers to xd_dig_led.o(i.LED_J_RED_Off) for LED_J_RED_Off
    xd_dig_led.o(i.LED_J_Flash) refers to xd_dig_led.o(.data) for flag
    xd_dig_led.o(i.LED_J_RED_Off) refers to stm32f1xx_hal_gpio.o(i.HAL_GPIO_WritePin) for HAL_GPIO_WritePin
    xd_dig_led.o(i.LED_J_RED_On) refers to stm32f1xx_hal_gpio.o(i.HAL_GPIO_WritePin) for HAL_GPIO_WritePin
    xd_dig_led.o(i.X9C103_G1_LED_close) refers to xd_dig_led.o(i.LED_G_YELLOW_Off) for LED_G_YELLOW_Off
    xd_dig_led.o(i.X9C103_G1_LED_close) refers to xd_dig_led.o(i.LED_H_YELLOW_Off) for LED_H_YELLOW_Off
    xd_dig_led.o(i.X9C103_G1_LED_close) refers to xd_dig_led.o(i.LED_I_RED_Off) for LED_I_RED_Off
    xd_dig_led.o(i.X9C103_G1_LED_open) refers to xd_dig_led.o(i.LED_G_YELLOW_On) for LED_G_YELLOW_On
    xd_dig_led.o(i.X9C103_G1_LED_open) refers to xd_dig_led.o(i.LED_H_YELLOW_On) for LED_H_YELLOW_On
    xd_dig_led.o(i.X9C103_G1_LED_open) refers to xd_dig_led.o(i.LED_I_RED_On) for LED_I_RED_On
[...]
    i.prvProcessExpiredTimer                 0x0800504c   Section        0  timers.o(i.prvProcessExpiredTimer)
    prvProcessExpiredTimer                   0x0800504d   Thumb Code    94  timers.o(i.prvProcessExpiredTimer)
    i.prvProcessReceivedCommands             0x080050b0   Section        0  timers.o(i.prvProcessReceivedCommands)
    prvProcessReceivedCommands               0x080050b1   Thumb Code   290  timers.o(i.prvProcessReceivedCommands)
    i.prvProcessTimerOrBlockTask             0x080051d8   Section        0  timers.o(i.prvProcessTimerOrBlockTask)
    prvProcessTimerOrBlockTask               0x080051d9   Thumb Code   102  timers.o(i.prvProcessTimerOrBlockTask)
    i.prvResetNextTaskUnblockTime            0x0800524c   Section        0  tasks.o(i.prvResetNextTaskUnblockTime)
    prvResetNextTaskUnblockTime              0x0800524d   Thumb Code    42  tasks.o(i.prvResetNextTaskUnblockTime)
    i.prvSampleTimeNow                       0x08005280   Section        0  timers.o(i.prvSampleTimeNow)
    prvSampleTimeNow                         0x08005281   Thumb Code    40  timers.o(i.prvSampleTimeNow)
    i.prvSwitchTimerLists                    0x080052ac   Section        0  timers.o(i.prvSwitchTimerLists)
    prvSwitchTimerLists                      0x080052ad   Thumb Code   150  timers.o(i.prvSwitchTimerLists)
    i.prvTaskExitError                       0x0800534c   Section        0  port.o(i.prvTaskExitError)
    prvTaskExitError                         0x0800534d   Thumb Code    60  port.o(i.prvTaskExitError)
    i.prvTimerTask                           0x0800538c   Section        0  timers.o(i.prvTimerTask)
    prvTimerTask                             0x0800538d   Thumb Code    26  timers.o(i.prvTimerTask)
    i.prvUnlockQueue                         0x080053a6   Section        0  queue.o(i.prvUnlockQueue)
    prvUnlockQueue                           0x080053a7   Thumb Code   126  queue.o(i.prvUnlockQueue)
    i.pvPortMalloc                           0x08005424   Section        0  heap_4.o(i.pvPortMalloc)
    i.pvTimerGetTimerID                      0x08005560   Section        0  timers.o(i.pvTimerGetTimerID)
    i.pxPortInitialiseStack                  0x0800558c   Section        0  port.o(i.pxPortInitialiseStack)
    i.uxListRemove                           0x080055b0   Section        0  list.o(i.uxListRemove)
    i.vApplicationGetIdleTaskMemory          0x080055d8   Section        0  cmsis_os2.o(i.vApplicationGetIdleTaskMemory)
    i.vApplicationGetTimerTaskMemory         0x080055f0   Section        0  cmsis_os2.o(i.vApplicationGetTimerTaskMemory)
    i.vListInitialise                        0x08005608   Section        0  list.o(i.vListInitialise)
    i.vListInitialiseItem                    0x08005622   Section        0  list.o(i.vListInitialiseItem)
    i.vListInsert                            0x08005628   Section        0  list.o(i.vListInsert)
    i.vListInsertEnd                         0x0800565c   Section        0  list.o(i.vListInsertEnd)
    i.vPortEnterCritical                     0x08005674   Section        0  port.o(i.vPortEnterCritical)
    i.vPortExitCritical                      0x080056c8   Section        0  port.o(i.vPortExitCritical)
    i.vPortFree                              0x08005704   Section        0  heap_4.o(i.vPortFree)
    i.vPortSetupTimerInterrupt               0x08005798   Section        0  port.o(i.vPortSetupTimerInterrupt)
    i.vPortValidateInterruptPriority         0x080057c0   Section        0  port.o(i.vPortValidateInterruptPriority)
    i.vQueueAddToRegistry                    0x08005838   Section        0  queue.o(i.vQueueAddToRegistry)
    i.vQueueWaitForMessageRestricted         0x08005864   Section        0  queue.o(i.vQueueWaitForMessageRestricted)
    i.vTaskDelay                             0x080058b0   Section        0  tasks.o(i.vTaskDelay)
    i.vTaskInternalSetTimeOutState           0x0800590c   Section        0  tasks.o(i.vTaskInternalSetTimeOutState)
    i.vTaskMissedYield                       0x08005924   Section        0  tasks.o(i.vTaskMissedYield)
    i.vTaskPlaceOnEventList                  0x08005930   Section        0  tasks.o(i.vTaskPlaceOnEventList)
    i.vTaskPlaceOnEventListRestricted        0x08005968   Section        0  tasks.o(i.vTaskPlaceOnEventListRestricted)
    i.vTaskStartScheduler                    0x080059a8   Section        0  tasks.o(i.vTaskStartScheduler)
    i.vTaskSuspendAll                        0x08005a60   Section        0  tasks.o(i.vTaskSuspendAll)
    i.vTaskSwitchContext                     0x08005a70   Section        0  tasks.o(i.vTaskSwitchContext)
    i.xPortStartScheduler                    0x08005b00   Section        0  port.o(i.xPortStartScheduler)
    i.xQueueGenericCreateStatic              0x08005bf8   Section        0  queue.o(i.xQueueGenericCreateStatic)
    i.xQueueGenericReset                     0x08005cd8   Section        0  queue.o(i.xQueueGenericReset)
    i.xQueueGenericSend                      0x08005d70   Section        0  queue.o(i.xQueueGenericSend)
    i.xQueueGenericSendFromISR               0x08005f18   Section        0  queue.o(i.xQueueGenericSendFromISR)
    i.xQueueReceive                          0x08006010   Section        0  queue.o(i.xQueueReceive)
    i.xTaskCheckForTimeOut                   0x08006178   Section        0  tasks.o(i.xTaskCheckForTimeOut)
    i.xTaskCreate                            0x08006204   Section        0  tasks.o(i.xTaskCreate)
    i.xTaskCreateStatic                      0x08006268   Section        0  tasks.o(i.xTaskCreateStatic)
    i.xTaskGetSchedulerState                 0x08006320   Section        0  tasks.o(i.xTaskGetSchedulerState)
    i.xTaskGetTickCount                      0x08006340   Section        0  tasks.o(i.xTaskGetTickCount)
    i.xTaskIncrementTick                     0x0800634c   Section        0  tasks.o(i.xTaskIncrementTick)
    i.xTaskPriorityDisinherit                0x08006490   Section        0  tasks.o(i.xTaskPriorityDisinherit)
    i.xTaskRemoveFromEventList               0x08006534   Section        0  tasks.o(i.xTaskRemoveFromEventList)
    i.xTaskResumeAll                         0x080065cc   Section        0  tasks.o(i.xTaskResumeAll)
    i.xTimerCreate                           0x080066d0   Section        0  timers.o(i.xTimerCreate)
    i.xTimerCreateStatic                     0x08006706   Section        0  timers.o(i.xTimerCreateStatic)
    i.xTimerCreateTimerTask                  0x08006778   Section        0  timers.o(i.xTimerCreateTimerTask)
    i.xTimerGenericCommand                   0x080067f0   Section        0  timers.o(i.xTimerGenericCommand)
    .constdata                               0x08006874   Section       32  xd_tm1650.o(.constdata)
    .constdata                               0x08006894   Section      140  main.o(.constdata)
    .constdata                               0x08006920   Section       24  system_stm32f1xx.o(.constdata)
    .conststring                             0x08006938   Section       64  main.o(.conststring)
    .data                                    0x20000000   Section        2  xd_dig_led.o(.data)
    flag                                     0x20000000   Data           1  xd_dig_led.o(.data)
    flag                                     0x20000001   Data           1  xd_dig_led.o(.data)
    .data                                    0x20000004   Section        4  xd_infrared.o(.data)
    .data                                    0x20000008   Section        4  multi_button.o(.data)
    head_handle                              0x20000008   Data           4  multi_button.o(.data)
    .data                                    0x2000000c   Section        4  xd_sensor.o(.data)
    adc_value                                0x2000000c   Data           4  xd_sensor.o(.data)
    .data                                    0x20000010   Section      163  main.o(.data)
    .data                                    0x200000b4   Section        9  stm32f1xx_hal.o(.data)
    .data                                    0x200000c0   Section        4  system_stm32f1xx.o(.data)
    .data                                    0x200000c4   Section       60  tasks.o(.data)
    pxDelayedTaskList                        0x200000c8   Data           4  tasks.o(.data)
    pxOverflowDelayedTaskList                0x200000cc   Data           4  tasks.o(.data)
    uxDeletedTasksWaitingCleanUp             0x200000d0   Data           4  tasks.o(.data)
    uxCurrentNumberOfTasks                   0x200000d4   Data           4  tasks.o(.data)
    xTickCount                               0x200000d8   Data           4  tasks.o(.data)
    uxTopReadyPriority                       0x200000dc   Data           4  tasks.o(.data)
    xSchedulerRunning                        0x200000e0   Data           4  tasks.o(.data)
    uxPendedTicks                            0x200000e4   Data           4  tasks.o(.data)
    xYieldPending                            0x200000e8   Data           4  tasks.o(.data)
    xNumOfOverflows                          0x200000ec   Data           4  tasks.o(.data)
    uxTaskNumber                             0x200000f0   Data           4  tasks.o(.data)
    xNextTaskUnblockTime                     0x200000f4   Data           4  tasks.o(.data)
    xIdleTaskHandle                          0x200000f8   Data           4  tasks.o(.data)
    uxSchedulerSuspended                     0x200000fc   Data           4  tasks.o(.data)
    .data                                    0x20000100   Section       20  timers.o(.data)
    pxCurrentTimerList                       0x20000100   Data           4  timers.o(.data)
    pxOverflowTimerList                      0x20000104   Data           4  timers.o(.data)
    xTimerQueue                              0x20000108   Data           4  timers.o(.data)
    xTimerTaskHandle                         0x2000010c   Data           4  timers.o(.data)
    xLastTime                                0x20000110   Data           4  timers.o(.data)
    .data                                    0x20000114   Section        4  cmsis_os2.o(.data)
    KernelState                              0x20000114   Data           4  cmsis_os2.o(.data)
    .data                                    0x20000118   Section       24  heap_4.o(.data)
    xStart                                   0x20000118   Data           8  heap_4.o(.data)
    pxEnd                                    0x20000120   Data           4  heap_4.o(.data)
    xFreeBytesRemaining                      0x20000124   Data           4  heap_4.o(.data)
    xMinimumEverFreeBytesRemaining           0x20000128   Data           4  heap_4.o(.data)
    xBlockAllocatedBit                       0x2000012c   Data           4  heap_4.o(.data)
    .data                                    0x20000130   Section       12  port.o(.data)
    uxCriticalNesting                        0x20000130   Data           4  port.o(.data)
    ucMaxSysCallPriority                     0x20000134   Data           1  port.o(.data)
    ulMaxPRIGROUPValue                       0x20000138   Data           4  port.o(.data)
    .bss                                     0x2000013c   Section      532  xd_infrared.o(.bss)
    .bss                                     0x20000350   Section      200  xd_key.o(.bss)
    .bss                                     0x20000418   Section      252  main.o(.bss)
    .bss                                     0x20000514   Section       64  stm32f1xx_hal_timebase_tim.o(.bss)
    .bss                                     0x20000554   Section       64  queue.o(.bss)
    .bss                                     0x20000594   Section     1220  tasks.o(.bss)
    pxReadyTasksLists                        0x20000594   Data        1120  tasks.o(.bss)
    xDelayedTaskList1                        0x200009f4   Data          20  tasks.o(.bss)
    xDelayedTaskList2                        0x20000a08   Data          20  tasks.o(.bss)
    xPendingReadyList                        0x20000a1c   Data          20  tasks.o(.bss)
    xTasksWaitingTermination                 0x20000a30   Data          20  tasks.o(.bss)
    xSuspendedTaskList                       0x20000a44   Data          20  tasks.o(.bss)
    .bss                                     0x20000a58   Section      280  timers.o(.bss)
    xActiveTimerList1                        0x20000a58   Data          20  timers.o(.bss)
    xActiveTimerList2                        0x20000a6c   Data          20  timers.o(.bss)
    xStaticTimerQueue                        0x20000a80   Data          80  timers.o(.bss)
    ucStaticTimerQueueStorage                0x20000ad0   Data         160  timers.o(.bss)
    .bss                                     0x20000b70   Section     1720  cmsis_os2.o(.bss)
    Idle_TCB                                 0x20000b70   Data          92  cmsis_os2.o(.bss)
    Idle_Stack                               0x20000bcc   Data         512  cmsis_os2.o(.bss)
    Timer_TCB                                0x20000dcc   Data          92  cmsis_os2.o(.bss)
    Timer_Stack                              0x20000e28   Data        1024  cmsis_os2.o(.bss)
    .bss                                     0x20001228   Section     3072  heap_4.o(.bss)
    ucHeap                                   0x20001228   Data        3072  heap_4.o(.bss)
    STACK                                    0x20001e28   Section     1024  startup_stm32f103xe.o(STACK)

    Global Symbols

    Symbol Name                              Value     Ov Type        Size  Object(Section)

    BuildAttributes$$THM_ISAv4$P$D$K$B$S$PE$A:L22UL41UL21$X:L11$S22US41US21$IEEE1$IW$USESV6$~STKCKD$USESV7$~SHL$OTIME$ROPI$EBA8$MICROLIB$REQ8$PRES8$EABIv2 0x00000000   Number         0  anon$$obj.o ABSOLUTE
    __ARM_use_no_argv                        0x00000000   Number         0  main.o ABSOLUTE
    __cpp_initialize__aeabi_                  - Undefined Weak Reference
    __cxa_finalize                            - Undefined Weak Reference
    _clock_init                               - Undefined Weak Reference
    _microlib_exit                            - Undefined Weak Reference
    __Vectors_Size                           0x00000130   Number         0  startup_stm32f103xe.o ABSOLUTE
    __Vectors                                0x08000000   Data           4  startup_stm32f103xe.o(RESET)
    __Vectors_End                            0x08000130   Data           0  startup_stm32f103xe.o(RESET)
    __main                                   0x08000131   Thumb Code     0  entry.o(.ARM.Collect$$$$00000000)
    _main_stk                                0x08000131   Thumb Code     0  entry2.o(.ARM.Collect$$$$00000001)
    _main_scatterload                        0x08000135   Thumb Code     0  entry5.o(.ARM.Collect$$$$00000004)
    __main_after_scatterload                 0x08000139   Thumb Code     0  entry5.o(.ARM.Collect$$$$00000004)
    _main_clock                              0x08000139   Thumb Code     0  entry7b.o(.ARM.Collect$$$$00000008)
    _main_cpp_init                           0x08000139   Thumb Code     0  entry8b.o(.ARM.Collect$$$$0000000A)
    _main_init                               0x08000139   Thumb Code     0  entry9a.o(.ARM.Collect$$$$0000000B)
    __rt_final_cpp                           0x08000141   Thumb Code     0  entry10a.o(.ARM.Collect$$$$0000000D)
    __rt_final_exit                          0x08000141   Thumb Code     0  entry11a.o(.ARM.Collect$$$$0000000F)
    wait                                     0x08000145   Thumb Code     2  stm32f1xx_it.o(.emb_text)
    SVC_Handler                              0x08000149   Thumb Code    32  port.o(.emb_text)
    __asm___6_port_c_39a90d8d__prvStartFirstTask 0x0800016d   Thumb Code    28  port.o(.emb_text)
    PendSV_Handler                           0x0800018d   Thumb Code    72  port.o(.emb_text)
    vPortGetIPSR                             0x080001d9   Thumb Code     6  port.o(.emb_text)
    Reset_Handler                            0x080001e1   Thumb Code     8  startup_stm32f103xe.o(.text)
    ADC3_IRQHandler                          0x080001fb   Thumb Code     0  startup_stm32f103xe.o(.text)
    CAN1_RX1_IRQHandler                      0x080001fb   Thumb Code     0  startup_stm32f103xe.o(.text)
    CAN1_SCE_IRQHandler                      0x080001fb   Thumb Code     0  startup_stm32f103xe.o(.text)
    DMA1_Channel1_IRQHandler                 0x080001fb   Thumb Code     0  startup_stm32f103xe.o(.text)
    DMA1_Channel2_IRQHandler                 0x080001fb   Thumb Code     0  startup_stm32f103xe.o(.text)
    DMA1_Channel3_IRQHandler                 0x080001fb   Thumb Code     0  startup_stm32f103xe.o(.text)
    DMA1_Channel4_IRQHandler                 0x080001fb   Thumb Code     0  startup_stm32f103xe.o(.text)
    DMA1_Channel5_IRQHandler                 0x080001fb   Thumb Code     0  startup_stm32f103xe.o(.text)
    DMA1_Channel6_IRQHandler                 0x080001fb   Thumb Code     0  startup_stm32f103xe.o(.text)
    DMA1_Channel7_IRQHandler                 0x080001fb   Thumb Code     0  startup_stm32f103xe.o(.text)
    DMA2_Channel1_IRQHandler                 0x080001fb   Thumb Code     0  startup_stm32f103xe.o(.text)
    DMA2_Channel2_IRQHandler                 0x080001fb   Thumb Code     0  startup_stm32f103xe.o(.text)
    DMA2_Channel3_IRQHandler                 0x080001fb   Thumb Code     0  startup_stm32f103xe.o(.text)
    DMA2_Channel4_5_IRQHandler               0x080001fb   Thumb Code     0  startup_stm32f103xe.o(.text)
    EXTI0_IRQHandler                         0x080001fb   Thumb Code     0  startup_stm32f103xe.o(.text)
    EXTI15_10_IRQHandler                     0x080001fb   Thumb Code     0  startup_stm32f103xe.o(.text)
    EXTI1_IRQHandler                         0x080001fb   Thumb Code     0  startup_stm32f103xe.o(.text)
    EXTI2_IRQHandler                         0x080001fb   Thumb Code     0  startup_stm32f103xe.o(.text)
    EXTI3_IRQHandler                         0x080001fb   Thumb Code     0  startup_stm32f103xe.o(.text)
    EXTI4_IRQHandler                         0x080001fb   Thumb Code     0  startup_stm32f103xe.o(.text)
    EXTI9_5_IRQHandler                       0x080001fb   Thumb Code     0  startup_stm32f103xe.o(.text)
    FLASH_IRQHandler                         0x080001fb   Thumb Code     0  startup_stm32f103xe.o(.text)
    FSMC_IRQHandler                          0x080001fb   Thumb Code     0  startup_stm32f103xe.o(.text)
    I2C1_ER_IRQHandler                       0x080001fb   Thumb Code     0  startup_stm32f103xe.o(.text)
    I2C1_EV_IRQHandler                       0x080001fb   Thumb Code     0  startup_stm32f103xe.o(.text)
    I2C2_ER_IRQHandler                       0x080001fb   Thumb Code     0  startup_stm32f103xe.o(.text)
    I2C2_EV_IRQHandler                       0x080001fb   Thumb Code     0  startup_stm32f103xe.o(.text)
    PVD_IRQHandler                           0x080001fb   Thumb Code     0  startup_stm32f103xe.o(.text)
    RCC_IRQHandler                           0x080001fb   Thumb Code     0  startup_stm32f103xe.o(.text)
    RTC_Alarm_IRQHandler                     0x080001fb   Thumb Code     0  startup_stm32f103xe.o(.text)
    RTC_IRQHandler                           0x080001fb   Thumb Code     0  startup_stm32f103xe.o(.text)
    SDIO_IRQHandler                          0x080001fb   Thumb Code     0  startup_stm32f103xe.o(.text)
    SPI1_IRQHandler                          0x080001fb   Thumb Code     0  startup_stm32f103xe.o(.text)
    SPI2_IRQHandler                          0x080001fb   Thumb Code     0  startup_stm32f103xe.o(.text)
    SPI3_IRQHandler                          0x080001fb   Thumb Code     0  startup_stm32f103xe.o(.text)
    TAMPER_IRQHandler                        0x080001fb   Thumb Code     0  startup_stm32f103xe.o(.text)
    TIM1_BRK_IRQHandler                      0x080001fb   Thumb Code     0  startup_stm32f103xe.o(.text)
    TIM1_CC_IRQHandler                       0x080001fb   Thumb Code     0  startup_stm32f103xe.o(.text)
    TIM1_TRG_COM_IRQHandler                  0x080001fb   Thumb Code     0  startup_stm32f103xe.o(.text)
    TIM1_UP_IRQHandler                       0x080001fb   Thumb Code     0  startup_stm32f103xe.o(.text)
    TIM2_IRQHandler                          0x080001fb   Thumb Code     0  startup_stm32f103xe.o(.text)
    TIM4_IRQHandler                          0x080001fb   Thumb Code     0  startup_stm32f103xe.o(.text)
    TIM6_IRQHandler                          0x080001fb   Thumb Code     0  startup_stm32f103xe.o(.text)
    TIM8_BRK_IRQHandler                      0x080001fb   Thumb Code     0  startup_stm32f103xe.o(.text)
    TIM8_CC_IRQHandler                       0x080001fb   Thumb Code     0  startup_stm32f103xe.o(.text)
    TIM8_TRG_COM_IRQHandler                  0x080001fb   Thumb Code     0  startup_stm32f103xe.o(.text)
    TIM8_UP_IRQHandler                       0x080001fb   Thumb Code     0  startup_stm32f103xe.o(.text)
    UART4_IRQHandler                         0x080001fb   Thumb Code     0  startup_stm32f103xe.o(.text)
    UART5_IRQHandler                         0x080001fb   Thumb Code     0  startup_stm32f103xe.o(.text)
    USART1_IRQHandler                        0x080001fb   Thumb Code     0  startup_stm32f103xe.o(.text)
    USART2_IRQHandler                        0x080001fb   Thumb Code     0  startup_stm32f103xe.o(.text)
    USART3_IRQHandler                        0x080001fb   Thumb Code     0  startup_stm32f103xe.o(.text)
    USBWakeUp_IRQHandler                     0x080001fb   Thumb Code     0  startup_stm32f103xe.o(.text)
    USB_HP_CAN1_TX_IRQHandler                0x080001fb   Thumb Code     0  startup_stm32f103xe.o(.text)
    USB_LP_CAN1_RX0_IRQHandler               0x080001fb   Thumb Code     0  startup_stm32f103xe.o(.text)
    WWDG_IRQHandler                          0x080001fb   Thumb Code     0  startup_stm32f103xe.o(.text)
    __aeabi_llsr                             0x08000205   Thumb Code    32  llushr.o(.text)
    _ll_ushift_r                             0x08000205   Thumb Code     0  llushr.o(.text)
    __aeabi_memcpy                           0x08000225   Thumb Code    36  memcpya.o(.text)
    __aeabi_memcpy4                          0x08000225   Thumb Code     0  memcpya.o(.text)
    __aeabi_memcpy8                          0x08000225   Thumb Code     0  memcpya.o(.text)
    __aeabi_memset                           0x08000249   Thumb Code    14  memseta.o(.text)
    __aeabi_memset4                          0x08000249   Thumb Code     0  memseta.o(.text)
    __aeabi_memset8                          0x08000249   Thumb Code     0  memseta.o(.text)
    __aeabi_memclr                           0x08000257   Thumb Code     4  memseta.o(.text)
    __aeabi_memclr4                          0x08000257   Thumb Code     0  memseta.o(.text)
    __aeabi_memclr8                          0x08000257   Thumb Code     0  memseta.o(.text)
    memset                                   0x0800025b   Thumb Code    18  memseta.o(.text)
    __aeabi_fmul                             0x0800026d   Thumb Code   100  fmul.o(.text)
    __aeabi_fdiv                             0x080002d1   Thumb Code   124  fdiv.o(.text)
    __aeabi_dmul                             0x0800034d   Thumb Code   228  dmul.o(.text)
    __aeabi_ui2f                             0x08000431   Thumb Code    10  ffltui.o(.text)
    __aeabi_f2iz                             0x0800043b   Thumb Code    50  ffixi.o(.text)
    __aeabi_f2d                              0x0800046d   Thumb Code    38  f2d.o(.text)
    __aeabi_d2f                              0x08000493   Thumb Code    56  d2f.o(.text)
    __aeabi_cfcmpeq                          0x080004cd   Thumb Code     0  cfcmple.o(.text)
    __aeabi_cfcmple                          0x080004cd   Thumb Code    20  cfcmple.o(.text)
    __aeabi_cfrcmple                         0x080004e1   Thumb Code    20  cfrcmple.o(.text)
    __I$use$fp                               0x080004f5   Thumb Code     0  iusefp.o(.text)
    _float_round                             0x080004f5   Thumb Code    18  fepilogue.o(.text)
    _float_epilogue                          0x08000507   Thumb Code    92  fepilogue.o(.text)
    _double_round                            0x08000563   Thumb Code    30  depilogue.o(.text)
    _double_epilogue                         0x08000581   Thumb Code   156  depilogue.o(.text)
    __scatterload                            0x0800061d   Thumb Code    28  init.o(.text)
    __scatterload_rt2                        0x0800061d   Thumb Code     0  init.o(.text)
    __aeabi_llsl                             0x08000641   Thumb Code    30  llshl.o(.text)
    _ll_shift_l                              0x08000641   Thumb Code     0  llshl.o(.text)
    __decompress                             0x0800065f   Thumb Code     0  __dczerorl.o(.text)
    __decompress0                            0x0800065f   Thumb Code    58  __dczerorl.o(.text)
    ADC1_2_IRQHandler                        0x08000699   Thumb Code    10  stm32f1xx_it.o(i.ADC1_2_IRQHandler)
    ADC_ConversionStop_Disable               0x080006a9   Thumb Code    82  stm32f1xx_hal_adc.o(i.ADC_ConversionStop_Disable)
    ADC_Enable                               0x080006fd   Thumb Code   122  stm32f1xx_hal_adc.o(i.ADC_Enable)
    ADC_ReadData                             0x08000781   Thumb Code    32  xd_sensor.o(i.ADC_ReadData)
    BTN1_PRESS_DOWN_Handler                  0x080007a9   Thumb Code   154  xd_key.o(i.BTN1_PRESS_DOWN_Handler)
    BTN1_PRESS_UP_Handler                    0x08000849   Thumb Code     2  xd_key.o(i.BTN1_PRESS_UP_Handler)
    BTN2_PRESS_DOWN_Handler                  0x0800084d   Thumb Code   142  xd_key.o(i.BTN2_PRESS_DOWN_Handler)
    BTN3_LONG_PRESS_HOLD_Handler             0x080008e1   Thumb Code    18  xd_key.o(i.BTN3_LONG_PRESS_HOLD_Handler)
    BTN3_PRESS_DOWN_Handler                  0x080008f5   Thumb Code    96  xd_key.o(i.BTN3_PRESS_DOWN_Handler)
    BTN4_PRESS_DOWN_Handler                  0x08000959   Thumb Code   138  xd_key.o(i.BTN4_PRESS_DOWN_Handler)
    BTN5_PRESS_DOWN_Handler                  0x080009e9   Thumb Code    62  xd_key.o(i.BTN5_PRESS_DOWN_Handler)
    BusFault_Handler                         0x08000a2d   Thumb Code     4  stm32f1xx_it.o(i.BusFault_Handler)
    Callback01                               0x08000a31   Thumb Code     2  main.o(i.Callback01)
    Callback02                               0x08000a33   Thumb Code    10  main.o(i.Callback02)
    DebugMon_Handler                         0x08000a3d   Thumb Code     2  stm32f1xx_it.o(i.DebugMon_Handler)
    Error_Handler                            0x08000add   Thumb Code     2  main.o(i.Error_Handler)
    FAN_Realy_Start                          0x08000ae1   Thumb Code    22  xd_relay.o(i.FAN_Realy_Start)
    FAN_Realy_Stop                           0x08000b01   Thumb Code    32  xd_relay.o(i.FAN_Realy_Stop)
    GConfig_Init                             0x08000b29   Thumb Code    44  main.o(i.GConfig_Init)
    HAL_ADCEx_InjectedConvCpltCallback       0x08000b59   Thumb Code     2  stm32f1xx_hal_adc_ex.o(i.HAL_ADCEx_InjectedConvCpltCallback)
    HAL_ADC_ConfigChannel                    0x08000b5d   Thumb Code   338  stm32f1xx_hal_adc.o(i.HAL_ADC_ConfigChannel)
    HAL_ADC_ConvCpltCallback                 0x08000cbd   Thumb Code     2  stm32f1xx_hal_adc.o(i.HAL_ADC_ConvCpltCallback)
    HAL_ADC_GetValue                         0x08000cbf   Thumb Code     8  stm32f1xx_hal_adc.o(i.HAL_ADC_GetValue)
    HAL_ADC_IRQHandler                       0x08000cc7   Thumb Code   290  stm32f1xx_hal_adc.o(i.HAL_ADC_IRQHandler)
    HAL_ADC_Init                             0x08000de9   Thumb Code   340  stm32f1xx_hal_adc.o(i.HAL_ADC_Init)
    HAL_ADC_LevelOutOfWindowCallback         0x08000f49   Thumb Code     2  stm32f1xx_hal_adc.o(i.HAL_ADC_LevelOutOfWindowCallback)
    HAL_ADC_MspInit                          0x08000f4d   Thumb Code   114  stm32f1xx_hal_msp.o(i.HAL_ADC_MspInit)
    HAL_ADC_PollForConversion                0x08000fcd   Thumb Code   350  stm32f1xx_hal_adc.o(i.HAL_ADC_PollForConversion)
    HAL_ADC_Start                            0x0800113d   Thumb Code   294  stm32f1xx_hal_adc.o(i.HAL_ADC_Start)
    HAL_Delay                                0x0800126d   Thumb Code    36  stm32f1xx_hal.o(i.HAL_Delay)
    HAL_GPIO_Init                            0x08001295   Thumb Code   792  stm32f1xx_hal_gpio.o(i.HAL_GPIO_Init)
    HAL_GPIO_ReadPin                         0x080015d5   Thumb Code    16  stm32f1xx_hal_gpio.o(i.HAL_GPIO_ReadPin)
    HAL_GPIO_WritePin                        0x080015e5   Thumb Code    12  stm32f1xx_hal_gpio.o(i.HAL_GPIO_WritePin)
    HAL_GetTick                              0x080015f1   Thumb Code     6  stm32f1xx_hal.o(i.HAL_GetTick)
    HAL_IWDG_Init                            0x080015fd   Thumb Code    80  stm32f1xx_hal_iwdg.o(i.HAL_IWDG_Init)
    HAL_IWDG_Refresh                         0x0800164d   Thumb Code    14  stm32f1xx_hal_iwdg.o(i.HAL_IWDG_Refresh)
    HAL_IncTick                              0x0800165d   Thumb Code    16  stm32f1xx_hal.o(i.HAL_IncTick)
    HAL_Init                                 0x08001675   Thumb Code    34  stm32f1xx_hal.o(i.HAL_Init)
    HAL_InitTick                             0x0800169d   Thumb Code   118  stm32f1xx_hal_timebase_tim.o(i.HAL_InitTick)
    HAL_MspInit                              0x08001725   Thumb Code    84  stm32f1xx_hal_msp.o(i.HAL_MspInit)
    HAL_NVIC_EnableIRQ                       0x08001781   Thumb Code    32  stm32f1xx_hal_cortex.o(i.HAL_NVIC_EnableIRQ)
    HAL_NVIC_SetPriority                     0x080017a1   Thumb Code   124  stm32f1xx_hal_cortex.o(i.HAL_NVIC_SetPriority)
    HAL_NVIC_SetPriorityGrouping             0x0800181d   Thumb Code    32  stm32f1xx_hal_cortex.o(i.HAL_NVIC_SetPriorityGrouping)
    HAL_RCCEx_GetPeriphCLKFreq               0x08001845   Thumb Code   276  stm32f1xx_hal_rcc_ex.o(i.HAL_RCCEx_GetPeriphCLKFreq)
    HAL_RCCEx_PeriphCLKConfig                0x08001979   Thumb Code   290  stm32f1xx_hal_rcc_ex.o(i.HAL_RCCEx_PeriphCLKConfig)
    HAL_RCC_ClockConfig                      0x08001aa9   Thumb Code   376  stm32f1xx_hal_rcc.o(i.HAL_RCC_ClockConfig)
    HAL_RCC_GetClockConfig                   0x08001c35   Thumb Code    58  stm32f1xx_hal_rcc.o(i.HAL_RCC_GetClockConfig)
    HAL_RCC_GetHCLKFreq                      0x08001c79   Thumb Code     6  stm32f1xx_hal_rcc.o(i.HAL_RCC_GetHCLKFreq)
    HAL_RCC_GetPCLK1Freq                     0x08001c85   Thumb Code    22  stm32f1xx_hal_rcc.o(i.HAL_RCC_GetPCLK1Freq)
    HAL_RCC_GetPCLK2Freq                     0x08001ca5   Thumb Code    22  stm32f1xx_hal_rcc.o(i.HAL_RCC_GetPCLK2Freq)
    HAL_RCC_GetSysClockFreq                  0x08001cc5   Thumb Code   116  stm32f1xx_hal_rcc.o(i.HAL_RCC_GetSysClockFreq)
    HAL_RCC_OscConfig                        0x08001d59   Thumb Code  1114  stm32f1xx_hal_rcc.o(i.HAL_RCC_OscConfig)
    HAL_TIMEx_BreakCallback                  0x080021bd   Thumb Code     2  stm32f1xx_hal_tim_ex.o(i.HAL_TIMEx_BreakCallback)
    HAL_TIMEx_CommutCallback                 0x080021bf   Thumb Code     2  stm32f1xx_hal_tim_ex.o(i.HAL_TIMEx_CommutCallback)
    HAL_TIMEx_MasterConfigSynchronization    0x080021c1   Thumb Code    84  stm32f1xx_hal_tim_ex.o(i.HAL_TIMEx_MasterConfigSynchronization)
    HAL_TIM_Base_Init                        0x08002215   Thumb Code    52  stm32f1xx_hal_tim.o(i.HAL_TIM_Base_Init)
    HAL_TIM_Base_MspInit                     0x08002249   Thumb Code   156  stm32f1xx_hal_msp.o(i.HAL_TIM_Base_MspInit)
    HAL_TIM_Base_Start_IT                    0x080022f5   Thumb Code    42  stm32f1xx_hal_tim.o(i.HAL_TIM_Base_Start_IT)
    HAL_TIM_ConfigClockSource                0x0800231f   Thumb Code   264  stm32f1xx_hal_tim.o(i.HAL_TIM_ConfigClockSource)
    HAL_TIM_IC_CaptureCallback               0x08002429   Thumb Code    20  xd_infrared.o(i.HAL_TIM_IC_CaptureCallback)
    HAL_TIM_IC_ConfigChannel                 0x08002441   Thumb Code   224  stm32f1xx_hal_tim.o(i.HAL_TIM_IC_ConfigChannel)
    HAL_TIM_IC_Init                          0x08002521   Thumb Code    52  stm32f1xx_hal_tim.o(i.HAL_TIM_IC_Init)
    HAL_TIM_IC_MspInit                       0x08002555   Thumb Code     2  stm32f1xx_hal_tim.o(i.HAL_TIM_IC_MspInit)
    HAL_TIM_IC_Start_IT                      0x08002557   Thumb Code   120  stm32f1xx_hal_tim.o(i.HAL_TIM_IC_Start_IT)
    HAL_TIM_IRQHandler                       0x080025cf   Thumb Code   406  stm32f1xx_hal_tim.o(i.HAL_TIM_IRQHandler)
    HAL_TIM_OC_DelayElapsedCallback          0x08002765   Thumb Code     2  stm32f1xx_hal_tim.o(i.HAL_TIM_OC_DelayElapsedCallback)
    HAL_TIM_PWM_PulseFinishedCallback        0x08002767   Thumb Code     2  stm32f1xx_hal_tim.o(i.HAL_TIM_PWM_PulseFinishedCallback)
    HAL_TIM_PeriodElapsedCallback            0x08002769   Thumb Code   160  main.o(i.HAL_TIM_PeriodElapsedCallback)
    HAL_TIM_ReadCapturedValue                0x08002819   Thumb Code    50  stm32f1xx_hal_tim.o(i.HAL_TIM_ReadCapturedValue)
    HAL_TIM_TriggerCallback                  0x0800284b   Thumb Code     2  stm32f1xx_hal_tim.o(i.HAL_TIM_TriggerCallback)
    HAL_UART_Init                            0x0800284d   Thumb Code   114  stm32f1xx_hal_uart.o(i.HAL_UART_Init)
    HAL_UART_MspInit                         0x080028c1   Thumb Code   122  stm32f1xx_hal_msp.o(i.HAL_UART_MspInit)
    HardFault_Handler                        0x08002949   Thumb Code     8  stm32f1xx_it.o(i.HardFault_Handler)
    I2C_GPIO_Configuration                   0x08002951   Thumb Code    36  xd_tm1650.o(i.I2C_GPIO_Configuration)
    I2C_GetAck                               0x08002979   Thumb Code    86  xd_tm1650.o(i.I2C_GetAck)
    I2C_Initializes                          0x080029d5   Thumb Code    44  xd_tm1650.o(i.I2C_Initializes)
    I2C_SDA_IN                               0x08002a05   Thumb Code    24  xd_tm1650.o(i.I2C_SDA_IN)
    I2C_SDA_OUT                              0x08002a21   Thumb Code    24  xd_tm1650.o(i.I2C_SDA_OUT)
    I2C_SendByte                             0x08002a3d   Thumb Code    96  xd_tm1650.o(i.I2C_SendByte)
    I2C_Start                                0x08002aa1   Thumb Code    86  xd_tm1650.o(i.I2C_Start)
    I2C_Stop                                 0x08002afd   Thumb Code    56  xd_tm1650.o(i.I2C_Stop)
    I2C_delay                                0x08002b39   Thumb Code    16  xd_tm1650.o(i.I2C_delay)
    IR_InfraCaptureHandle                    0x08002b49   Thumb Code   496  xd_infrared.o(i.IR_InfraCaptureHandle)
    IR_InfraInit                             0x08002d59   Thumb Code    42  xd_infrared.o(i.IR_InfraInit)
    IR_InfraPeriodHandle                     0x08002d8d   Thumb Code    60  xd_infrared.o(i.IR_InfraPeriodHandle)
    IR_LevelTime_2_UintNum                   0x08002dd1   Thumb Code   122  xd_infrared.o(i.IR_LevelTime_2_UintNum)
    LED_A_BLUE_Off                           0x08002e4d   Thumb Code    14  xd_dig_led.o(i.LED_A_BLUE_Off)
    LED_A_BLUE_On                            0x08002e61   Thumb Code    16  xd_dig_led.o(i.LED_A_BLUE_On)
    LED_B_GREEN_Off                          0x08002e75   Thumb Code    14  xd_dig_led.o(i.LED_B_GREEN_Off)
    LED_B_GREEN_On                           0x08002e89   Thumb Code    16  xd_dig_led.o(i.LED_B_GREEN_On)
    LED_C_GREEN_Off                          0x08002e9d   Thumb Code    14  xd_dig_led.o(i.LED_C_GREEN_Off)
    LED_C_GREEN_On                           0x08002eb1   Thumb Code    16  xd_dig_led.o(i.LED_C_GREEN_On)
    LED_D_GREEN_Off                          0x08002ec5   Thumb Code    14  xd_dig_led.o(i.LED_D_GREEN_Off)
    LED_D_GREEN_On                           0x08002ed9   Thumb Code    16  xd_dig_led.o(i.LED_D_GREEN_On)
    LED_E_GREEN_Off                          0x08002eed   Thumb Code    14  xd_dig_led.o(i.LED_E_GREEN_Off)
    LED_E_GREEN_On                           0x08002f01   Thumb Code    16  xd_dig_led.o(i.LED_E_GREEN_On)
    LED_F_YELLOW_Off                         0x08002f15   Thumb Code    14  xd_dig_led.o(i.LED_F_YELLOW_Off)
    LED_F_YELLOW_On                          0x08002f29   Thumb Code    16  xd_dig_led.o(i.LED_F_YELLOW_On)
    LED_G_YELLOW_Off                         0x08002f3d   Thumb Code    14  xd_dig_led.o(i.LED_G_YELLOW_Off)
    LED_G_YELLOW_On                          0x08002f51   Thumb Code    16  xd_dig_led.o(i.LED_G_YELLOW_On)
    LED_H_YELLOW_Off                         0x08002f65   Thumb Code    14  xd_dig_led.o(i.LED_H_YELLOW_Off)
    LED_H_YELLOW_On                          0x08002f79   Thumb Code    14  xd_dig_led.o(i.LED_H_YELLOW_On)
    LED_I_RED_Off                            0x08002f8d   Thumb Code    14  xd_dig_led.o(i.LED_I_RED_Off)
    LED_I_RED_On                             0x08002fa1   Thumb Code    14  xd_dig_led.o(i.LED_I_RED_On)
    LED_J_Flash                              0x08002fb5   Thumb Code    36  xd_dig_led.o(i.LED_J_Flash)
    LED_J_RED_Off                            0x08002fdd   Thumb Code    14  xd_dig_led.o(i.LED_J_RED_Off)
    LED_J_RED_On                             0x08002ff1   Thumb Code    16  xd_dig_led.o(i.LED_J_RED_On)
    LONG_PRESS_Debug_Handler                 0x08003005   Thumb Code    38  xd_key.o(i.LONG_PRESS_Debug_Handler)
    MemManage_Handler                        0x080033e5   Thumb Code     4  stm32f1xx_it.o(i.MemManage_Handler)
    NMI_Handler                              0x080033e9   Thumb Code     2  stm32f1xx_it.o(i.NMI_Handler)
    O3_Realy_Start                           0x080033ed   Thumb Code    36  xd_relay.o(i.O3_Realy_Start)
    O3_Realy_Stop                            0x08003419   Thumb Code    20  xd_relay.o(i.O3_Realy_Stop)
    READ_GPIO_button_1                       0x0800345d   Thumb Code    12  xd_key.o(i.READ_GPIO_button_1)
    READ_GPIO_button_2                       0x0800346d   Thumb Code    12  xd_key.o(i.READ_GPIO_button_2)
    READ_GPIO_button_3                       0x0800347d   Thumb Code    12  xd_key.o(i.READ_GPIO_button_3)
    READ_GPIO_button_4                       0x0800348d   Thumb Code    12  xd_key.o(i.READ_GPIO_button_4)
    READ_GPIO_button_5                       0x0800349d   Thumb Code    12  xd_key.o(i.READ_GPIO_button_5)
    StartDefaultTask                         0x080034ad   Thumb Code   450  main.o(i.StartDefaultTask)
    StartTask02                              0x08003679   Thumb Code   608  main.o(i.StartTask02)
    StartTask03                              0x080038e9   Thumb Code   136  main.o(i.StartTask03)
    SysTick_Handler                          0x08003979   Thumb Code    46  port.o(i.SysTick_Handler)
    SystemClock_Config                       0x080039ad   Thumb Code   128  main.o(i.SystemClock_Config)
    SystemInit                               0x08003a2d   Thumb Code    70  system_stm32f1xx.o(i.SystemInit)
    TIM3_IRQHandler                          0x08003a85   Thumb Code    10  stm32f1xx_it.o(i.TIM3_IRQHandler)
    TIM5_IRQHandler                          0x08003a95   Thumb Code    10  stm32f1xx_it.o(i.TIM5_IRQHandler)
    TIM7_IRQHandler                          0x08003aa5   Thumb Code    10  stm32f1xx_it.o(i.TIM7_IRQHandler)
    TIM_Base_SetConfig                       0x08003ab5   Thumb Code   134  stm32f1xx_hal_tim.o(i.TIM_Base_SetConfig)
    TIM_CCxChannelCmd                        0x08003b51   Thumb Code    34  stm32f1xx_hal_tim.o(i.TIM_CCxChannelCmd)
    TIM_ETR_SetConfig                        0x08003b73   Thumb Code    22  stm32f1xx_hal_tim.o(i.TIM_ETR_SetConfig)
    TIM_OC4PolarityConfig                    0x08003b9b   Thumb Code    28  xd_infrared.o(i.TIM_OC4PolarityConfig)
    TIM_TI1_SetConfig                        0x08003bdd   Thumb Code   102  stm32f1xx_hal_tim.o(i.TIM_TI1_SetConfig)
    TM1650_Close_Display                     0x08003d2f   Thumb Code    30  xd_tm1650.o(i.TM1650_Close_Display)
    TM1650_Display_Float_2_Num               0x08003d4d   Thumb Code   122  xd_tm1650.o(i.TM1650_Display_Float_2_Num)
    TM1650_Display_Num                       0x08003dd1   Thumb Code    76  xd_tm1650.o(i.TM1650_Display_Num)
    TM1650_First_Display_Num                 0x08003e1d   Thumb Code    14  xd_tm1650.o(i.TM1650_First_Display_Num)
    TM1650_First_Display_Num_p               0x08003e2d   Thumb Code    58  xd_tm1650.o(i.TM1650_First_Display_Num_p)
    TM1650_Open_Display                      0x08003e71   Thumb Code    30  xd_tm1650.o(i.TM1650_Open_Display)
    TM1650_Second_Display_Num                0x08003e8f   Thumb Code    14  xd_tm1650.o(i.TM1650_Second_Display_Num)
    TM1650_Second_Display_Num_p              0x08003e9d   Thumb Code    58  xd_tm1650.o(i.TM1650_Second_Display_Num_p)
    TM1650_Thirth_Display_Num                0x08003ee1   Thumb Code    14  xd_tm1650.o(i.TM1650_Thirth_Display_Num)
    TM1650_Thirth_Display_Num_p              0x08003ef1   Thumb Code    58  xd_tm1650.o(i.TM1650_Thirth_Display_Num_p)
    UsageFault_Handler                       0x080040ed   Thumb Code     4  stm32f1xx_it.o(i.UsageFault_Handler)
    X9C103_G1_LED_close                      0x080040f1   Thumb Code    16  xd_dig_led.o(i.X9C103_G1_LED_close)
    X9C103_G1_LED_open                       0x08004101   Thumb Code    16  xd_dig_led.o(i.X9C103_G1_LED_open)
    X9C103_G2_LED_close                      0x08004111   Thumb Code    16  xd_dig_led.o(i.X9C103_G2_LED_close)
    X9C103_G2_LED_open                       0x08004121   Thumb Code    16  xd_dig_led.o(i.X9C103_G2_LED_open)
    X9C103_G3_LED_close                      0x08004131   Thumb Code    16  xd_dig_led.o(i.X9C103_G3_LED_close)
    X9C103_G3_LED_open                       0x08004141   Thumb Code    16  xd_dig_led.o(i.X9C103_G3_LED_open)
    X9C103_Gear_Display                      0x08004151   Thumb Code    74  xd_dig_led.o(i.X9C103_Gear_Display)
    X9C103_Value_Add                         0x0800419d   Thumb Code    72  xd_x9c103.o(i.X9C103_Value_Add)
    X9C103_Value_Clear                       0x080041e9   Thumb Code    72  xd_x9c103.o(i.X9C103_Value_Clear)
    X9C103_delay                             0x08004235   Thumb Code    16  xd_x9c103.o(i.X9C103_delay)
    XD_Key_init                              0x08004245   Thumb Code   164  xd_key.o(i.XD_Key_init)
    __scatterload_copy                       0x0800437b   Thumb Code    14  handlers.o(i.__scatterload_copy)
    __scatterload_null                       0x08004389   Thumb Code     2  handlers.o(i.__scatterload_null)
    __scatterload_zeroinit                   0x0800438b   Thumb Code    14  handlers.o(i.__scatterload_zeroinit)
    button_attach                            0x08004399   Thumb Code    10  multi_button.o(i.button_attach)
    button_handler                           0x080043a3   Thumb Code   582  multi_button.o(i.button_handler)
    button_init                              0x080045e9   Thumb Code    50  multi_button.o(i.button_init)
    button_start                             0x0800461d   Thumb Code    38  multi_button.o(i.button_start)
    button_ticks                             0x08004649   Thumb Code    22  multi_button.o(i.button_ticks)
    main                                     0x08004665   Thumb Code   194  main.o(i.main)
    osDelay                                  0x08004755   Thumb Code    50  cmsis_os2.o(i.osDelay)
    osKernelInitialize                       0x0800478d   Thumb Code    58  cmsis_os2.o(i.osKernelInitialize)
    osKernelStart                            0x080047cd   Thumb Code    64  cmsis_os2.o(i.osKernelStart)
    osThreadNew                              0x08004811   Thumb Code   216  cmsis_os2.o(i.osThreadNew)
    osTimerNew                               0x080048ed   Thumb Code   194  cmsis_os2.o(i.osTimerNew)
    osTimerStart                             0x080049b9   Thumb Code    80  cmsis_os2.o(i.osTimerStart)
    pvPortMalloc                             0x08005425   Thumb Code   296  heap_4.o(i.pvPortMalloc)
    pvTimerGetTimerID                        0x08005561   Thumb Code    44  timers.o(i.pvTimerGetTimerID)
    pxPortInitialiseStack                    0x0800558d   Thumb Code    30  port.o(i.pxPortInitialiseStack)
    uxListRemove                             0x080055b1   Thumb Code    40  list.o(i.uxListRemove)
    vApplicationGetIdleTaskMemory            0x080055d9   Thumb Code    14  cmsis_os2.o(i.vApplicationGetIdleTaskMemory)
    vApplicationGetTimerTaskMemory           0x080055f1   Thumb Code    16  cmsis_os2.o(i.vApplicationGetTimerTaskMemory)
    vListInitialise                          0x08005609   Thumb Code    26  list.o(i.vListInitialise)
    vListInitialiseItem                      0x08005623   Thumb Code     6  list.o(i.vListInitialiseItem)
    vListInsert                              0x08005629   Thumb Code    52  list.o(i.vListInsert)
    vListInsertEnd                           0x0800565d   Thumb Code    24  list.o(i.vListInsertEnd)
    vPortEnterCritical                       0x08005675   Thumb Code    76  port.o(i.vPortEnterCritical)
    vPortExitCritical                        0x080056c9   Thumb Code    56  port.o(i.vPortExitCritical)
    vPortFree                                0x08005705   Thumb Code   140  heap_4.o(i.vPortFree)
    vPortSetupTimerInterrupt                 0x08005799   Thumb Code    36  port.o(i.vPortSetupTimerInterrupt)
    vPortValidateInterruptPriority           0x080057c1   Thumb Code   106  port.o(i.vPortValidateInterruptPriority)
    vQueueAddToRegistry                      0x08005839   Thumb Code    38  queue.o(i.vQueueAddToRegistry)
    vQueueWaitForMessageRestricted           0x08005865   Thumb Code    74  queue.o(i.vQueueWaitForMessageRestricted)
    vTaskDelay                               0x080058b1   Thumb Code    82  tasks.o(i.vTaskDelay)
    vTaskInternalSetTimeOutState             0x0800590d   Thumb Code    14  tasks.o(i.vTaskInternalSetTimeOutState)
    vTaskMissedYield                         0x08005925   Thumb Code     8  tasks.o(i.vTaskMissedYield)
    vTaskPlaceOnEventList                    0x08005931   Thumb Code    52  tasks.o(i.vTaskPlaceOnEventList)
    vTaskPlaceOnEventListRestricted          0x08005969   Thumb Code    60  tasks.o(i.vTaskPlaceOnEventListRestricted)
    vTaskStartScheduler                      0x080059a9   Thumb Code   156  tasks.o(i.vTaskStartScheduler)
    vTaskSuspendAll                          0x08005a61   Thumb Code    12  tasks.o(i.vTaskSuspendAll)
    vTaskSwitchContext                       0x08005a71   Thumb Code   122  tasks.o(i.vTaskSwitchContext)
    xPortStartScheduler                      0x08005b01   Thumb Code   228  port.o(i.xPortStartScheduler)
    xQueueGenericCreateStatic                0x08005bf9   Thumb Code   222  queue.o(i.xQueueGenericCreateStatic)
    xQueueGenericReset                       0x08005cd9   Thumb Code   146  queue.o(i.xQueueGenericReset)
    xQueueGenericSend                        0x08005d71   Thumb Code   420  queue.o(i.xQueueGenericSend)
    xQueueGenericSendFromISR                 0x08005f19   Thumb Code   248  queue.o(i.xQueueGenericSendFromISR)
    xQueueReceive                            0x08006011   Thumb Code   356  queue.o(i.xQueueReceive)
    xTaskCheckForTimeOut                     0x08006179   Thumb Code   132  tasks.o(i.xTaskCheckForTimeOut)
    xTaskCreate                              0x08006205   Thumb Code   100  tasks.o(i.xTaskCreate)
    xTaskCreateStatic                        0x08006269   Thumb Code   184  tasks.o(i.xTaskCreateStatic)
    xTaskGetSchedulerState                   0x08006321   Thumb Code    24  tasks.o(i.xTaskGetSchedulerState)
    xTaskGetTickCount                        0x08006341   Thumb Code     6  tasks.o(i.xTaskGetTickCount)
    xTaskIncrementTick                       0x0800634d   Thumb Code   280  tasks.o(i.xTaskIncrementTick)
    xTaskPriorityDisinherit                  0x08006491   Thumb Code   152  tasks.o(i.xTaskPriorityDisinherit)
    xTaskRemoveFromEventList                 0x08006535   Thumb Code   126  tasks.o(i.xTaskRemoveFromEventList)
    xTaskResumeAll                           0x080065cd   Thumb Code   222  tasks.o(i.xTaskResumeAll)
    xTimerCreate                             0x080066d1   Thumb Code    54  timers.o(i.xTimerCreate)
    xTimerCreateStatic                       0x08006707   Thumb Code   112  timers.o(i.xTimerCreateStatic)
    xTimerCreateTimerTask                    0x08006779   Thumb Code   100  timers.o(i.xTimerCreateTimerTask)
    xTimerGenericCommand                     0x080067f1   Thumb Code   128  timers.o(i.xTimerGenericCommand)
    DIG_LED_NUM                              0x08006874   Data          16  xd_tm1650.o(.constdata)
    DIG_LED_P_NUM                            0x08006884   Data          16  xd_tm1650.o(.constdata)
    AHBPrescTable                            0x08006920   Data          16  system_stm32f1xx.o(.constdata)
    APBPrescTable                            0x08006930   Data           8  system_stm32f1xx.o(.constdata)
    Region$$Table$$Base                      0x08006978   Number         0  anon$$obj.o(Region$$Table)
    Region$$Table$$Limit                     0x08006998   Number         0  anon$$obj.o(Region$$Table)
    T5Infra                                  0x20000004   Data           4  xd_infrared.o(.data)
    defaultTaskHandle                        0x20000010   Data           4  main.o(.data)
    myTask_Key_ScanHandle                    0x20000014   Data           4  main.o(.data)
    myTask03Handle                           0x20000018   Data           4  main.o(.data)
    myTimer01Handle                          0x2000001c   Data           4  main.o(.data)
    myTimer02Handle                          0x20000020   Data           4  main.o(.data)
    g_config                                 0x20000024   Data         132  main.o(.data)
    push_key_value                           0x200000a8   Data           4  main.o(.data)
    fault_check_value                        0x200000ac   Data           4  main.o(.data)
    ir_key                                   0x200000b0   Data           1  main.o(.data)
    ir_add                                   0x200000b1   Data           1  main.o(.data)
    debug_count                              0x200000b2   Data           1  main.o(.data)
    uwTick                                   0x200000b4   Data           4  stm32f1xx_hal.o(.data)
    uwTickPrio                               0x200000b8   Data           4  stm32f1xx_hal.o(.data)
    uwTickFreq                               0x200000bc   Data           1  stm32f1xx_hal.o(.data)
    SystemCoreClock                          0x200000c0   Data           4  system_stm32f1xx.o(.data)
    pxCurrentTCB                             0x200000c4   Data           4  tasks.o(.data)
    T5Infra_S                                0x2000013c   Data         532  xd_infrared.o(.bss)
    btn1                                     0x20000350   Data          40  xd_key.o(.bss)
    btn2                                     0x20000378   Data          40  xd_key.o(.bss)
    btn3                                     0x200003a0   Data          40  xd_key.o(.bss)
    btn4                                     0x200003c8   Data          40  xd_key.o(.bss)
    btn5                                     0x200003f0   Data          40  xd_key.o(.bss)
    hadc1                                    0x20000418   Data          48  main.o(.bss)
    hiwdg                                    0x20000448   Data          12  main.o(.bss)
    htim3                                    0x20000454   Data          64  main.o(.bss)
    htim5                                    0x20000494   Data          64  main.o(.bss)
    huart4                                   0x200004d4   Data          64  main.o(.bss)
    htim7                                    0x20000514   Data          64  stm32f1xx_hal_timebase_tim.o(.bss)
    xQueueRegistry                           0x20000554   Data          64  queue.o(.bss)
    __initial_sp                             0x20002228   Data           0  startup_stm32f103xe.o(STACK)



==============================================================================

Memory Map of the image

  Image Entry point : 0x08000131

  Load Region LR_IROM1 (Base: 0x08000000, Size: 0x00006ad4, Max: 0x00040000, ABSOLUTE, COMPRESSED[0x000069b0])

    Execution Region ER_IROM1 (Exec base: 0x08000000, Load base: 0x08000000, Size: 0x00006998, Max: 0x00040000, ABSOLUTE)

    Exec Addr    Load Addr    Size         Type   Attr      Idx    E Section Name        Object

    0x08000000   0x08000000   0x00000130   Data   RO            3    RESET               startup_stm32f103xe.o
    0x08000130   0x08000130   0x00000000   Code   RO         5562  * .ARM.Collect$$$$00000000  mc_w.l(entry.o)
    0x08000130   0x08000130   0x00000004   Code   RO         5593    .ARM.Collect$$$$00000001  mc_w.l(entry2.o)
    0x08000134   0x08000134   0x00000004   Code   RO         5596    .ARM.Collect$$$$00000004  mc_w.l(entry5.o)
    0x08000138   0x08000138   0x00000000   Code   RO         5598    .ARM.Collect$$$$00000008  mc_w.l(entry7b.o)
    0x08000138   0x08000138   0x00000000   Code   RO         5600    .ARM.Collect$$$$0000000A  mc_w.l(entry8b.o)
    0x08000138   0x08000138   0x00000008   Code   RO         5601    .ARM.Collect$$$$0000000B  mc_w.l(entry9a.o)
    0x08000140   0x08000140   0x00000000   Code   RO         5603    .ARM.Collect$$$$0000000D  mc_w.l(entry10a.o)
    0x08000140   0x08000140   0x00000000   Code   RO         5605    .ARM.Collect$$$$0000000F  mc_w.l(entry11a.o)
    0x08000140   0x08000140   0x00000004   Code   RO         5594    .ARM.Collect$$$$00002712  mc_w.l(entry2.o)
    0x08000144   0x08000144   0x00000002   Code   RO         1050    .emb_text           stm32f1xx_it.o
    0x08000146   0x08000146   0x00000002   PAD
    0x08000148   0x08000148   0x00000096   Code   RO         5485    .emb_text           port.o
    0x080001de   0x080001de   0x00000002   PAD
    0x080001e0   0x080001e0   0x00000024   Code   RO            4    .text               startup_stm32f103xe.o
    0x08000204   0x08000204   0x00000020   Code   RO         5565    .text               mc_w.l(llushr.o)
    0x08000224   0x08000224   0x00000024   Code   RO         5567    .text               mc_w.l(memcpya.o)
    0x08000248   0x08000248   0x00000024   Code   RO         5571    .text               mc_w.l(memseta.o)
    0x0800026c   0x0800026c   0x00000064   Code   RO         5575    .text               mf_w.l(fmul.o)
    0x080002d0   0x080002d0   0x0000007c   Code   RO         5577    .text               mf_w.l(fdiv.o)
    0x0800034c   0x0800034c   0x000000e4   Code   RO         5579    .text               mf_w.l(dmul.o)
    0x08000430   0x08000430   0x0000000a   Code   RO         5581    .text               mf_w.l(ffltui.o)
    0x0800043a   0x0800043a   0x00000032   Code   RO         5583    .text               mf_w.l(ffixi.o)
    0x0800046c   0x0800046c   0x00000026   Code   RO         5585    .text               mf_w.l(f2d.o)
    0x08000492   0x08000492   0x00000038   Code   RO         5587    .text               mf_w.l(d2f.o)
    0x080004ca   0x080004ca   0x00000002   PAD
    0x080004cc   0x080004cc   0x00000014   Code   RO         5589    .text               mf_w.l(cfcmple.o)
    0x080004e0   0x080004e0   0x00000014   Code   RO         5591    .text               mf_w.l(cfrcmple.o)
    0x080004f4   0x080004f4   0x00000000   Code   RO         5607    .text               mc_w.l(iusefp.o)
    0x080004f4   0x080004f4   0x0000006e   Code   RO         5608    .text               mf_w.l(fepilogue.o)
    0x08000562   0x08000562   0x000000ba   Code   RO         5610    .text               mf_w.l(depilogue.o)
    0x0800061c   0x0800061c   0x00000024   Code   RO         5612    .text               mc_w.l(init.o)
    0x08000640   0x08000640   0x0000001e   Code   RO         5614    .text               mc_w.l(llshl.o)
    0x0800065e   0x0800065e   0x0000003a   Code   RO         5624    .text               mc_w.l(__dczerorl.o)
    0x08000698   0x08000698   0x00000010   Code   RO         1051    i.ADC1_2_IRQHandler  stm32f1xx_it.o
    0x080006a8   0x080006a8   0x00000052   Code   RO         1284    i.ADC_ConversionStop_Disable  stm32f1xx_hal_adc.o
    0x080006fa   0x080006fa   0x00000002   PAD
    0x080006fc   0x080006fc   0x00000084   Code   RO         1288    i.ADC_Enable        stm32f1xx_hal_adc.o
    0x08000780   0x08000780   0x00000028   Code   RO          809    i.ADC_ReadData      xd_sensor.o
    0x080007a8   0x080007a8   0x000000a0   Code   RO          398    i.BTN1_PRESS_DOWN_Handler  xd_key.o
    0x08000848   0x08000848   0x00000002   Code   RO          399    i.BTN1_PRESS_UP_Handler  xd_key.o
    0x0800084a   0x0800084a   0x00000002   PAD
    0x0800084c   0x0800084c   0x00000094   Code   RO          400    i.BTN2_PRESS_DOWN_Handler  xd_key.o
    0x080008e0   0x080008e0   0x00000012   Code   RO          401    i.BTN3_LONG_PRESS_HOLD_Handler  xd_key.o
    0x080008f2   0x080008f2   0x00000002   PAD
    0x080008f4   0x080008f4   0x00000064   Code   RO          402    i.BTN3_PRESS_DOWN_Handler  xd_key.o
    0x08000958   0x08000958   0x00000090   Code   RO          403    i.BTN4_PRESS_DOWN_Handler  xd_key.o
    0x080009e8   0x080009e8   0x00000044   Code   RO          404    i.BTN5_PRESS_DOWN_Handler  xd_key.o
    0x08000a2c   0x08000a2c   0x00000004   Code   RO         1052    i.BusFault_Handler  stm32f1xx_it.o
    0x08000a30   0x08000a30   0x00000002   Code   RO          894    i.Callback01        main.o
    0x08000a32   0x08000a32   0x0000000a   Code   RO          895    i.Callback02        main.o
    0x08000a3c   0x08000a3c   0x00000002   Code   RO         1053    i.DebugMon_Handler  stm32f1xx_it.o
    0x08000a3e   0x08000a3e   0x00000002   PAD
    0x08000a40   0x08000a40   0x0000009c   Code   RO          896    i.Device_Init       main.o
    0x08000adc   0x08000adc   0x00000002   Code   RO          897    i.Error_Handler     main.o
    0x08000ade   0x08000ade   0x00000002   PAD
    0x08000ae0   0x08000ae0   0x00000020   Code   RO          766    i.FAN_Realy_Start   xd_relay.o
    0x08000b00   0x08000b00   0x00000028   Code   RO          767    i.FAN_Realy_Stop    xd_relay.o
    0x08000b28   0x08000b28   0x00000030   Code   RO          898    i.GConfig_Init      main.o
    0x08000b58   0x08000b58   0x00000002   Code   RO         1466    i.HAL_ADCEx_InjectedConvCpltCallback  stm32f1xx_hal_adc_ex.o
    0x08000b5a   0x08000b5a   0x00000002   PAD
    0x08000b5c   0x08000b5c   0x00000160   Code   RO         1290    i.HAL_ADC_ConfigChannel  stm32f1xx_hal_adc.o
    0x08000cbc   0x08000cbc   0x00000002   Code   RO         1291    i.HAL_ADC_ConvCpltCallback  stm32f1xx_hal_adc.o
    0x08000cbe   0x08000cbe   0x00000008   Code   RO         1297    i.HAL_ADC_GetValue  stm32f1xx_hal_adc.o
    0x08000cc6   0x08000cc6   0x00000122   Code   RO         1298    i.HAL_ADC_IRQHandler  stm32f1xx_hal_adc.o
    0x08000de8   0x08000de8   0x00000160   Code   RO         1299    i.HAL_ADC_Init      stm32f1xx_hal_adc.o
    0x08000f48   0x08000f48   0x00000002   Code   RO         1300    i.HAL_ADC_LevelOutOfWindowCallback  stm32f1xx_hal_adc.o
    0x08000f4a   0x08000f4a   0x00000002   PAD
    0x08000f4c   0x08000f4c   0x00000080   Code   RO         1150    i.HAL_ADC_MspInit   stm32f1xx_hal_msp.o
    0x08000fcc   0x08000fcc   0x00000170   Code   RO         1303    i.HAL_ADC_PollForConversion  stm32f1xx_hal_adc.o
    0x0800113c   0x0800113c   0x00000130   Code   RO         1305    i.HAL_ADC_Start     stm32f1xx_hal_adc.o
    0x0800126c   0x0800126c   0x00000028   Code   RO         1567    i.HAL_Delay         stm32f1xx_hal.o
    0x08001294   0x08001294   0x00000340   Code   RO         1880    i.HAL_GPIO_Init     stm32f1xx_hal_gpio.o
    0x080015d4   0x080015d4   0x00000010   Code   RO         1882    i.HAL_GPIO_ReadPin  stm32f1xx_hal_gpio.o
    0x080015e4   0x080015e4   0x0000000c   Code   RO         1884    i.HAL_GPIO_WritePin  stm32f1xx_hal_gpio.o
    0x080015f0   0x080015f0   0x0000000c   Code   RO         1571    i.HAL_GetTick       stm32f1xx_hal.o
    0x080015fc   0x080015fc   0x00000050   Code   RO         2566    i.HAL_IWDG_Init     stm32f1xx_hal_iwdg.o
    0x0800164c   0x0800164c   0x0000000e   Code   RO         2567    i.HAL_IWDG_Refresh  stm32f1xx_hal_iwdg.o
    0x0800165a   0x0800165a   0x00000002   PAD
    0x0800165c   0x0800165c   0x00000018   Code   RO         1577    i.HAL_IncTick       stm32f1xx_hal.o
    0x08001674   0x08001674   0x00000028   Code   RO         1578    i.HAL_Init          stm32f1xx_hal.o
    0x0800169c   0x0800169c   0x00000088   Code   RO         1209    i.HAL_InitTick      stm32f1xx_hal_timebase_tim.o
    0x08001724   0x08001724   0x0000005c   Code   RO         1151    i.HAL_MspInit       stm32f1xx_hal_msp.o
    0x08001780   0x08001780   0x00000020   Code   RO         2040    i.HAL_NVIC_EnableIRQ  stm32f1xx_hal_cortex.o
    0x080017a0   0x080017a0   0x0000007c   Code   RO         2046    i.HAL_NVIC_SetPriority  stm32f1xx_hal_cortex.o
    0x0800181c   0x0800181c   0x00000028   Code   RO         2047    i.HAL_NVIC_SetPriorityGrouping  stm32f1xx_hal_cortex.o
    0x08001844   0x08001844   0x00000134   Code   RO         1842    i.HAL_RCCEx_GetPeriphCLKFreq  stm32f1xx_hal_rcc_ex.o
    0x08001978   0x08001978   0x00000130   Code   RO         1843    i.HAL_RCCEx_PeriphCLKConfig  stm32f1xx_hal_rcc_ex.o
    0x08001aa8   0x08001aa8   0x0000018c   Code   RO         1735    i.HAL_RCC_ClockConfig  stm32f1xx_hal_rcc.o
    0x08001c34   0x08001c34   0x00000044   Code   RO         1739    i.HAL_RCC_GetClockConfig  stm32f1xx_hal_rcc.o
    0x08001c78   0x08001c78   0x0000000c   Code   RO         1740    i.HAL_RCC_GetHCLKFreq  stm32f1xx_hal_rcc.o
    0x08001c84   0x08001c84   0x00000020   Code   RO         1742    i.HAL_RCC_GetPCLK1Freq  stm32f1xx_hal_rcc.o
    0x08001ca4   0x08001ca4   0x00000020   Code   RO         1743    i.HAL_RCC_GetPCLK2Freq  stm32f1xx_hal_rcc.o
    0x08001cc4   0x08001cc4   0x00000094   Code   RO         1744    i.HAL_RCC_GetSysClockFreq  stm32f1xx_hal_rcc.o
    0x08001d58   0x08001d58   0x00000464   Code   RO         1747    i.HAL_RCC_OscConfig  stm32f1xx_hal_rcc.o
    0x080021bc   0x080021bc   0x00000002   Code   RO         3284    i.HAL_TIMEx_BreakCallback  stm32f1xx_hal_tim_ex.o
    0x080021be   0x080021be   0x00000002   Code   RO         3285    i.HAL_TIMEx_CommutCallback  stm32f1xx_hal_tim_ex.o
    0x080021c0   0x080021c0   0x00000054   Code   RO         3302    i.HAL_TIMEx_MasterConfigSynchronization  stm32f1xx_hal_tim_ex.o
    0x08002214   0x08002214   0x00000034   Code   RO         2598    i.HAL_TIM_Base_Init  stm32f1xx_hal_tim.o
    0x08002248   0x08002248   0x000000ac   Code   RO         1153    i.HAL_TIM_Base_MspInit  stm32f1xx_hal_msp.o
    0x080022f4   0x080022f4   0x0000002a   Code   RO         2603    i.HAL_TIM_Base_Start_IT  stm32f1xx_hal_tim.o
    0x0800231e   0x0800231e   0x00000108   Code   RO         2607    i.HAL_TIM_ConfigClockSource  stm32f1xx_hal_tim.o
    0x08002426   0x08002426   0x00000002   PAD
    0x08002428   0x08002428   0x00000018   Code   RO          302    i.HAL_TIM_IC_CaptureCallback  xd_infrared.o
    0x08002440   0x08002440   0x000000e0   Code   RO         2629    i.HAL_TIM_IC_ConfigChannel  stm32f1xx_hal_tim.o
    0x08002520   0x08002520   0x00000034   Code   RO         2632    i.HAL_TIM_IC_Init   stm32f1xx_hal_tim.o
    0x08002554   0x08002554   0x00000002   Code   RO         2634    i.HAL_TIM_IC_MspInit  stm32f1xx_hal_tim.o
    0x08002556   0x08002556   0x00000078   Code   RO         2637    i.HAL_TIM_IC_Start_IT  stm32f1xx_hal_tim.o
    0x080025ce   0x080025ce   0x00000196   Code   RO         2641    i.HAL_TIM_IRQHandler  stm32f1xx_hal_tim.o
    0x08002764   0x08002764   0x00000002   Code   RO         2644    i.HAL_TIM_OC_DelayElapsedCallback  stm32f1xx_hal_tim.o
    0x08002766   0x08002766   0x00000002   Code   RO         2671    i.HAL_TIM_PWM_PulseFinishedCallback  stm32f1xx_hal_tim.o
    0x08002768   0x08002768   0x000000b0   Code   RO          899    i.HAL_TIM_PeriodElapsedCallback  main.o
    0x08002818   0x08002818   0x00000032   Code   RO         2681    i.HAL_TIM_ReadCapturedValue  stm32f1xx_hal_tim.o
    0x0800284a   0x0800284a   0x00000002   Code   RO         2684    i.HAL_TIM_TriggerCallback  stm32f1xx_hal_tim.o
    0x0800284c   0x0800284c   0x00000072   Code   RO         3560    i.HAL_UART_Init     stm32f1xx_hal_uart.o
    0x080028be   0x080028be   0x00000002   PAD
    0x080028c0   0x080028c0   0x00000088   Code   RO         1155    i.HAL_UART_MspInit  stm32f1xx_hal_msp.o
    0x08002948   0x08002948   0x00000008   Code   RO         1054    i.HardFault_Handler  stm32f1xx_it.o
    0x08002950   0x08002950   0x00000028   Code   RO          509    i.I2C_GPIO_Configuration  xd_tm1650.o
    0x08002978   0x08002978   0x0000005c   Code   RO          510    i.I2C_GetAck        xd_tm1650.o
    0x080029d4   0x080029d4   0x00000030   Code   RO          511    i.I2C_Initializes   xd_tm1650.o
    0x08002a04   0x08002a04   0x0000001c   Code   RO          514    i.I2C_SDA_IN        xd_tm1650.o
    0x08002a20   0x08002a20   0x0000001c   Code   RO          515    i.I2C_SDA_OUT       xd_tm1650.o
    0x08002a3c   0x08002a3c   0x00000064   Code   RO          516    i.I2C_SendByte      xd_tm1650.o
    0x08002aa0   0x08002aa0   0x0000005c   Code   RO          517    i.I2C_Start         xd_tm1650.o
    0x08002afc   0x08002afc   0x0000003c   Code   RO          518    i.I2C_Stop          xd_tm1650.o
    0x08002b38   0x08002b38   0x00000010   Code   RO          519    i.I2C_delay         xd_tm1650.o
    0x08002b48   0x08002b48   0x00000210   Code   RO          303    i.IR_InfraCaptureHandle  xd_infrared.o
    0x08002d58   0x08002d58   0x00000034   Code   RO          304    i.IR_InfraInit      xd_infrared.o
    0x08002d8c   0x08002d8c   0x00000044   Code   RO          305    i.IR_InfraPeriodHandle  xd_infrared.o
    0x08002dd0   0x08002dd0   0x0000007a   Code   RO          306    i.IR_LevelTime_2_UintNum  xd_infrared.o
    0x08002e4a   0x08002e4a   0x00000002   PAD
    0x08002e4c   0x08002e4c   0x00000014   Code   RO           14    i.LED_A_BLUE_Off    xd_dig_led.o
    0x08002e60   0x08002e60   0x00000014   Code   RO           15    i.LED_A_BLUE_On     xd_dig_led.o
    0x08002e74   0x08002e74   0x00000014   Code   RO           16    i.LED_B_GREEN_Off   xd_dig_led.o
    0x08002e88   0x08002e88   0x00000014   Code   RO           17    i.LED_B_GREEN_On    xd_dig_led.o
    0x08002e9c   0x08002e9c   0x00000014   Code   RO           18    i.LED_C_GREEN_Off   xd_dig_led.o
    0x08002eb0   0x08002eb0   0x00000014   Code   RO           19    i.LED_C_GREEN_On    xd_dig_led.o
    0x08002ec4   0x08002ec4   0x00000014   Code   RO           20    i.LED_D_GREEN_Off   xd_dig_led.o
    0x08002ed8   0x08002ed8   0x00000014   Code   RO           21    i.LED_D_GREEN_On    xd_dig_led.o
    0x08002eec   0x08002eec   0x00000014   Code   RO           22    i.LED_E_GREEN_Off   xd_dig_led.o
    0x08002f00   0x08002f00   0x00000014   Code   RO           23    i.LED_E_GREEN_On    xd_dig_led.o
    0x08002f14   0x08002f14   0x00000014   Code   RO           24    i.LED_F_YELLOW_Off  xd_dig_led.o
    0x08002f28   0x08002f28   0x00000014   Code   RO           25    i.LED_F_YELLOW_On   xd_dig_led.o
    0x08002f3c   0x08002f3c   0x00000014   Code   RO           26    i.LED_G_YELLOW_Off  xd_dig_led.o
    0x08002f50   0x08002f50   0x00000014   Code   RO           27    i.LED_G_YELLOW_On   xd_dig_led.o
    0x08002f64   0x08002f64   0x00000014   Code   RO           28    i.LED_H_YELLOW_Off  xd_dig_led.o
    0x08002f78   0x08002f78   0x00000014   Code   RO           29    i.LED_H_YELLOW_On   xd_dig_led.o
    0x08002f8c   0x08002f8c   0x00000014   Code   RO           30    i.LED_I_RED_Off     xd_dig_led.o
    0x08002fa0   0x08002fa0   0x00000014   Code   RO           31    i.LED_I_RED_On      xd_dig_led.o
    0x08002fb4   0x08002fb4   0x00000028   Code   RO           32    i.LED_J_Flash       xd_dig_led.o
    0x08002fdc   0x08002fdc   0x00000014   Code   RO           33    i.LED_J_RED_Off     xd_dig_led.o
    0x08002ff0   0x08002ff0   0x00000014   Code   RO           34    i.LED_J_RED_On      xd_dig_led.o
    0x08003004   0x08003004   0x0000002c   Code   RO          405    i.LONG_PRESS_Debug_Handler  xd_key.o
    0x08003030   0x08003030   0x0000005c   Code   RO          900    i.MX_ADC1_Init      main.o
    0x0800308c   0x0800308c   0x000001d0   Code   RO          901    i.MX_GPIO_Init      main.o
    0x0800325c   0x0800325c   0x00000028   Code   RO          902    i.MX_IWDG_Init      main.o
    0x08003284   0x08003284   0x00000014   Code   RO          903    i.MX_NVIC_Init      main.o
    0x08003298   0x08003298   0x00000070   Code   RO          904    i.MX_TIM3_Init      main.o
    0x08003308   0x08003308   0x000000a4   Code   RO          905    i.MX_TIM5_Init      main.o
    0x080033ac   0x080033ac   0x00000038   Code   RO          906    i.MX_UART4_Init     main.o
    0x080033e4   0x080033e4   0x00000004   Code   RO         1055    i.MemManage_Handler  stm32f1xx_it.o
    0x080033e8   0x080033e8   0x00000002   Code   RO         1056    i.NMI_Handler       stm32f1xx_it.o
    0x080033ea   0x080033ea   0x00000002   PAD
    0x080033ec   0x080033ec   0x0000002c   Code   RO          768    i.O3_Realy_Start    xd_relay.o
    0x08003418   0x08003418   0x0000001c   Code   RO          769    i.O3_Realy_Stop     xd_relay.o
    0x08003434   0x08003434   0x00000028   Code   RO         1748    i.RCC_Delay         stm32f1xx_hal_rcc.o
    0x0800345c   0x0800345c   0x00000010   Code   RO          406    i.READ_GPIO_button_1  xd_key.o
    0x0800346c   0x0800346c   0x00000010   Code   RO          407    i.READ_GPIO_button_2  xd_key.o
    0x0800347c   0x0800347c   0x00000010   Code   RO          408    i.READ_GPIO_button_3  xd_key.o
    0x0800348c   0x0800348c   0x00000010   Code   RO          409    i.READ_GPIO_button_4  xd_key.o
    0x0800349c   0x0800349c   0x00000010   Code   RO          410    i.READ_GPIO_button_5  xd_key.o
    0x080034ac   0x080034ac   0x000001cc   Code   RO          907    i.StartDefaultTask  main.o
    0x08003678   0x08003678   0x00000270   Code   RO          908    i.StartTask02       main.o
    0x080038e8   0x080038e8   0x00000090   Code   RO          909    i.StartTask03       main.o
    0x08003978   0x08003978   0x00000034   Code   RO         5486    i.SysTick_Handler   port.o
    0x080039ac   0x080039ac   0x00000080   Code   RO          910    i.SystemClock_Config  main.o
    0x08003a2c   0x08003a2c   0x00000058   Code   RO         3867    i.SystemInit        system_stm32f1xx.o
    0x08003a84   0x08003a84   0x00000010   Code   RO         1058    i.TIM3_IRQHandler   stm32f1xx_it.o
    0x08003a94   0x08003a94   0x00000010   Code   RO         1059    i.TIM5_IRQHandler   stm32f1xx_it.o
    0x08003aa4   0x08003aa4   0x00000010   Code   RO         1060    i.TIM7_IRQHandler   stm32f1xx_it.o
    0x08003ab4   0x08003ab4   0x0000009c   Code   RO         2686    i.TIM_Base_SetConfig  stm32f1xx_hal_tim.o
    0x08003b50   0x08003b50   0x00000022   Code   RO         2687    i.TIM_CCxChannelCmd  stm32f1xx_hal_tim.o
    0x08003b72   0x08003b72   0x00000016   Code   RO         2697    i.TIM_ETR_SetConfig  stm32f1xx_hal_tim.o
    0x08003b88   0x08003b88   0x00000012   Code   RO         2698    i.TIM_ITRx_SetConfig  stm32f1xx_hal_tim.o
    0x08003b9a   0x08003b9a   0x0000001c   Code   RO          307    i.TIM_OC4PolarityConfig  xd_infrared.o
    0x08003bb6   0x08003bb6   0x00000026   Code   RO         2704    i.TIM_TI1_ConfigInputStage  stm32f1xx_hal_tim.o
    0x08003bdc   0x08003bdc   0x0000007c   Code   RO         2705    i.TIM_TI1_SetConfig  stm32f1xx_hal_tim.o
    0x08003c58   0x08003c58   0x00000028   Code   RO         2706    i.TIM_TI2_ConfigInputStage  stm32f1xx_hal_tim.o
    0x08003c80   0x08003c80   0x0000003a   Code   RO         2707    i.TIM_TI2_SetConfig  stm32f1xx_hal_tim.o
    0x08003cba   0x08003cba   0x00000038   Code   RO         2708    i.TIM_TI3_SetConfig  stm32f1xx_hal_tim.o
    0x08003cf2   0x08003cf2   0x0000003c   Code   RO         2709    i.TIM_TI4_SetConfig  stm32f1xx_hal_tim.o
    0x08003d2e   0x08003d2e   0x0000001e   Code   RO          520    i.TM1650_Close_Display  xd_tm1650.o
    0x08003d4c   0x08003d4c   0x00000084   Code   RO          521    i.TM1650_Display_Float_2_Num  xd_tm1650.o
    0x08003dd0   0x08003dd0   0x0000004c   Code   RO          522    i.TM1650_Display_Num  xd_tm1650.o
    0x08003e1c   0x08003e1c   0x0000000e   Code   RO          523    i.TM1650_First_Display_Num  xd_tm1650.o
    0x08003e2a   0x08003e2a   0x00000002   PAD
    0x08003e2c   0x08003e2c   0x00000044   Code   RO          524    i.TM1650_First_Display_Num_p  xd_tm1650.o
    0x08003e70   0x08003e70   0x0000001e   Code   RO          527    i.TM1650_Open_Display  xd_tm1650.o
    0x08003e8e   0x08003e8e   0x0000000e   Code   RO          528    i.TM1650_Second_Display_Num  xd_tm1650.o
    0x08003e9c   0x08003e9c   0x00000044   Code   RO          529    i.TM1650_Second_Display_Num_p  xd_tm1650.o
    0x08003ee0   0x08003ee0   0x0000000e   Code   RO          530    i.TM1650_Thirth_Display_Num  xd_tm1650.o
    0x08003eee   0x08003eee   0x00000002   PAD
    0x08003ef0   0x08003ef0   0x00000044   Code   RO          531    i.TM1650_Thirth_Display_Num_p  xd_tm1650.o
    0x08003f34   0x08003f34   0x00000016   Code   RO         4999    i.TimerCallback     cmsis_os2.o
    0x08003f4a   0x08003f4a   0x00000002   PAD
    0x08003f4c   0x08003f4c   0x000001a0   Code   RO         3587    i.UART_SetConfig    stm32f1xx_hal_uart.o
    0x080040ec   0x080040ec   0x00000004   Code   RO         1061    i.UsageFault_Handler  stm32f1xx_it.o
    0x080040f0   0x080040f0   0x00000010   Code   RO           35    i.X9C103_G1_LED_close  xd_dig_led.o
    0x08004100   0x08004100   0x00000010   Code   RO           36    i.X9C103_G1_LED_open  xd_dig_led.o
    0x08004110   0x08004110   0x00000010   Code   RO           37    i.X9C103_G2_LED_close  xd_dig_led.o
    0x08004120   0x08004120   0x00000010   Code   RO           38    i.X9C103_G2_LED_open  xd_dig_led.o
    0x08004130   0x08004130   0x00000010   Code   RO           39    i.X9C103_G3_LED_close  xd_dig_led.o
    0x08004140   0x08004140   0x00000010   Code   RO           40    i.X9C103_G3_LED_open  xd_dig_led.o
    0x08004150   0x08004150   0x0000004a   Code   RO           41    i.X9C103_Gear_Display  xd_dig_led.o
    0x0800419a   0x0800419a   0x00000002   PAD
    0x0800419c   0x0800419c   0x0000004c   Code   RO          671    i.X9C103_Value_Add  xd_x9c103.o
    0x080041e8   0x080041e8   0x0000004c   Code   RO          672    i.X9C103_Value_Clear  xd_x9c103.o
    0x08004234   0x08004234   0x00000010   Code   RO          674    i.X9C103_delay      xd_x9c103.o
    0x08004244   0x08004244   0x000000ec   Code   RO          411    i.XD_Key_init       xd_key.o
    0x08004330   0x08004330   0x00000010   Code   RO         2053    i.__NVIC_GetPriorityGrouping  stm32f1xx_hal_cortex.o
    0x08004340   0x08004340   0x00000028   Code   RO         2054    i.__NVIC_SetPriority  stm32f1xx_hal_cortex.o
    0x08004368   0x08004368   0x00000006   Code   RO         5000    i.__get_BASEPRI     cmsis_os2.o
    0x0800436e   0x0800436e   0x00000006   Code   RO         5001    i.__get_IPSR        cmsis_os2.o
    0x08004374   0x08004374   0x00000006   Code   RO         5002    i.__get_PRIMASK     cmsis_os2.o
    0x0800437a   0x0800437a   0x0000000e   Code   RO         5618    i.__scatterload_copy  mc_w.l(handlers.o)
    0x08004388   0x08004388   0x00000002   Code   RO         5619    i.__scatterload_null  mc_w.l(handlers.o)
    0x0800438a   0x0800438a   0x0000000e   Code   RO         5620    i.__scatterload_zeroinit  mc_w.l(handlers.o)
    0x08004398   0x08004398   0x0000000a   Code   RO          710    i.button_attach     multi_button.o
    0x080043a2   0x080043a2   0x00000246   Code   RO          711    i.button_handler    multi_button.o
    0x080045e8   0x080045e8   0x00000032   Code   RO          712    i.button_init       multi_button.o
    0x0800461a   0x0800461a   0x00000002   PAD
    0x0800461c   0x0800461c   0x0000002c   Code   RO          713    i.button_start      multi_button.o
    0x08004648   0x08004648   0x0000001c   Code   RO          715    i.button_ticks      multi_button.o
    0x08004664   0x08004664   0x000000f0   Code   RO          911    i.main              main.o
    0x08004754   0x08004754   0x00000038   Code   RO         5003    i.osDelay           cmsis_os2.o
    0x0800478c   0x0800478c   0x00000040   Code   RO         5017    i.osKernelInitialize  cmsis_os2.o
    0x080047cc   0x080047cc   0x00000044   Code   RO         5020    i.osKernelStart     cmsis_os2.o
    0x08004810   0x08004810   0x000000dc   Code   RO         5054    i.osThreadNew       cmsis_os2.o
    0x080048ec   0x080048ec   0x000000cc   Code   RO         5063    i.osTimerNew        cmsis_os2.o
    0x080049b8   0x080049b8   0x00000054   Code   RO         5064    i.osTimerStart      cmsis_os2.o
    0x08004a0c   0x08004a0c   0x0000007c   Code   RO         4475    i.prvAddCurrentTaskToDelayedList  tasks.o
    0x08004a88   0x08004a88   0x000000b8   Code   RO         4476    i.prvAddNewTaskToReadyList  tasks.o
    0x08004b40   0x08004b40   0x00000074   Code   RO         4836    i.prvCheckForValidListAndQueue  timers.o
    0x08004bb4   0x08004bb4   0x00000048   Code   RO         4477    i.prvCheckTasksWaitingTermination  tasks.o
    0x08004bfc   0x08004bfc   0x0000002a   Code   RO         4071    i.prvCopyDataFromQueue  queue.o
    0x08004c26   0x08004c26   0x0000007c   Code   RO         4072    i.prvCopyDataToQueue  queue.o
    0x08004ca2   0x08004ca2   0x00000050   Code   RO         4478    i.prvDeleteTCB      tasks.o
    0x08004cf2   0x08004cf2   0x00000002   PAD
    0x08004cf4   0x08004cf4   0x00000028   Code   RO         4837    i.prvGetNextExpireTime  timers.o
    0x08004d1c   0x08004d1c   0x0000007c   Code   RO         5436    i.prvHeapInit       heap_4.o
    0x08004d98   0x08004d98   0x00000028   Code   RO         4479    i.prvIdleTask       tasks.o
    0x08004dc0   0x08004dc0   0x0000002a   Code   RO         4075    i.prvInitialiseNewQueue  queue.o
    0x08004dea   0x08004dea   0x000000b4   Code   RO         4480    i.prvInitialiseNewTask  tasks.o
    0x08004e9e   0x08004e9e   0x0000004e   Code   RO         4838    i.prvInitialiseNewTimer  timers.o
    0x08004eec   0x08004eec   0x00000068   Code   RO         4481    i.prvInitialiseTaskLists  tasks.o
    0x08004f54   0x08004f54   0x00000068   Code   RO         5437    i.prvInsertBlockIntoFreeList  heap_4.o
    0x08004fbc   0x08004fbc   0x00000058   Code   RO         4839    i.prvInsertTimerInActiveList  timers.o
    0x08005014   0x08005014   0x0000001a   Code   RO         4076    i.prvIsQueueEmpty   queue.o
    0x0800502e   0x0800502e   0x0000001e   Code   RO         4077    i.prvIsQueueFull    queue.o
    0x0800504c   0x0800504c   0x00000064   Code   RO         4840    i.prvProcessExpiredTimer  timers.o
    0x080050b0   0x080050b0   0x00000128   Code   RO         4841    i.prvProcessReceivedCommands  timers.o
    0x080051d8   0x080051d8   0x00000074   Code   RO         4842    i.prvProcessTimerOrBlockTask  timers.o
    0x0800524c   0x0800524c   0x00000034   Code   RO         4483    i.prvResetNextTaskUnblockTime  tasks.o
    0x08005280   0x08005280   0x0000002c   Code   RO         4843    i.prvSampleTimeNow  timers.o
    0x080052ac   0x080052ac   0x000000a0   Code   RO         4844    i.prvSwitchTimerLists  timers.o
    0x0800534c   0x0800534c   0x00000040   Code   RO         5487    i.prvTaskExitError  port.o
    0x0800538c   0x0800538c   0x0000001a   Code   RO         4845    i.prvTimerTask      timers.o
    0x080053a6   0x080053a6   0x0000007e   Code   RO         4078    i.prvUnlockQueue    queue.o
    0x08005424   0x08005424   0x0000013c   Code   RO         5438    i.pvPortMalloc      heap_4.o
    0x08005560   0x08005560   0x0000002c   Code   RO         4846    i.pvTimerGetTimerID  timers.o
    0x0800558c   0x0800558c   0x00000024   Code   RO         5488    i.pxPortInitialiseStack  port.o
    0x080055b0   0x080055b0   0x00000028   Code   RO         4031    i.uxListRemove      list.o
    0x080055d8   0x080055d8   0x00000018   Code   RO         5066    i.vApplicationGetIdleTaskMemory  cmsis_os2.o
    0x080055f0   0x080055f0   0x00000018   Code   RO         5067    i.vApplicationGetTimerTaskMemory  cmsis_os2.o
    0x08005608   0x08005608   0x0000001a   Code   RO         4032    i.vListInitialise   list.o
    0x08005622   0x08005622   0x00000006   Code   RO         4033    i.vListInitialiseItem  list.o
    0x08005628   0x08005628   0x00000034   Code   RO         4034    i.vListInsert       list.o
    0x0800565c   0x0800565c   0x00000018   Code   RO         4035    i.vListInsertEnd    list.o
    0x08005674   0x08005674   0x00000054   Code   RO         5490    i.vPortEnterCritical  port.o
    0x080056c8   0x080056c8   0x0000003c   Code   RO         5491    i.vPortExitCritical  port.o
    0x08005704   0x08005704   0x00000094   Code   RO         5439    i.vPortFree         heap_4.o
    0x08005798   0x08005798   0x00000028   Code   RO         5492    i.vPortSetupTimerInterrupt  port.o
    0x080057c0   0x080057c0   0x00000078   Code   RO         5493    i.vPortValidateInterruptPriority  port.o
    0x08005838   0x08005838   0x0000002c   Code   RO         4084    i.vQueueAddToRegistry  queue.o
    0x08005864   0x08005864   0x0000004a   Code   RO         4088    i.vQueueWaitForMessageRestricted  queue.o
    0x080058ae   0x080058ae   0x00000002   PAD
    0x080058b0   0x080058b0   0x0000005c   Code   RO         4495    i.vTaskDelay        tasks.o
    0x0800590c   0x0800590c   0x00000018   Code   RO         4500    i.vTaskInternalSetTimeOutState  tasks.o
    0x08005924   0x08005924   0x0000000c   Code   RO         4501    i.vTaskMissedYield  tasks.o
    0x08005930   0x08005930   0x00000038   Code   RO         4503    i.vTaskPlaceOnEventList  tasks.o
    0x08005968   0x08005968   0x00000040   Code   RO         4504    i.vTaskPlaceOnEventListRestricted  tasks.o
    0x080059a8   0x080059a8   0x000000b8   Code   RO         4512    i.vTaskStartScheduler  tasks.o
    0x08005a60   0x08005a60   0x00000010   Code   RO         4514    i.vTaskSuspendAll   tasks.o
    0x08005a70   0x08005a70   0x00000090   Code   RO         4515    i.vTaskSwitchContext  tasks.o
    0x08005b00   0x08005b00   0x000000f8   Code   RO         5494    i.xPortStartScheduler  port.o
    0x08005bf8   0x08005bf8   0x000000de   Code   RO         4094    i.xQueueGenericCreateStatic  queue.o
    0x08005cd6   0x08005cd6   0x00000002   PAD
    0x08005cd8   0x08005cd8   0x00000098   Code   RO         4095    i.xQueueGenericReset  queue.o
    0x08005d70   0x08005d70   0x000001a8   Code   RO         4096    i.xQueueGenericSend  queue.o
    0x08005f18   0x08005f18   0x000000f8   Code   RO         4097    i.xQueueGenericSendFromISR  queue.o
    0x08006010   0x08006010   0x00000168   Code   RO         4106    i.xQueueReceive     queue.o
    0x08006178   0x08006178   0x0000008c   Code   RO         4516    i.xTaskCheckForTimeOut  tasks.o
    0x08006204   0x08006204   0x00000064   Code   RO         4517    i.xTaskCreate       tasks.o
    0x08006268   0x08006268   0x000000b8   Code   RO         4518    i.xTaskCreateStatic  tasks.o
    0x08006320   0x08006320   0x00000020   Code   RO         4522    i.xTaskGetSchedulerState  tasks.o
    0x08006340   0x08006340   0x0000000c   Code   RO         4523    i.xTaskGetTickCount  tasks.o
    0x0800634c   0x0800634c   0x00000144   Code   RO         4525    i.xTaskIncrementTick  tasks.o
    0x08006490   0x08006490   0x000000a4   Code   RO         4528    i.xTaskPriorityDisinherit  tasks.o
    0x08006534   0x08006534   0x00000098   Code   RO         4530    i.xTaskRemoveFromEventList  tasks.o
    0x080065cc   0x080065cc   0x00000104   Code   RO         4531    i.xTaskResumeAll    tasks.o
    0x080066d0   0x080066d0   0x00000036   Code   RO         4850    i.xTimerCreate      timers.o
    0x08006706   0x08006706   0x00000070   Code   RO         4851    i.xTimerCreateStatic  timers.o
    0x08006776   0x08006776   0x00000002   PAD
    0x08006778   0x08006778   0x00000078   Code   RO         4852    i.xTimerCreateTimerTask  timers.o
    0x080067f0   0x080067f0   0x00000084   Code   RO         4853    i.xTimerGenericCommand  timers.o
    0x08006874   0x08006874   0x00000020   Data   RO          532    .constdata          xd_tm1650.o
    0x08006894   0x08006894   0x0000008c   Data   RO          913    .constdata          main.o
    0x08006920   0x08006920   0x00000018   Data   RO         3868    .constdata          system_stm32f1xx.o
    0x08006938   0x08006938   0x00000040   Data   RO          914    .conststring        main.o
    0x08006978   0x08006978   0x00000020   Data   RO         5616    Region$$Table       anon$$obj.o


    Execution Region RW_IRAM1 (Exec base: 0x20000000, Load base: 0x08006998, Size: 0x00002228, Max: 0x0000c000, ABSOLUTE, COMPRESSED[0x00000018])

    Exec Addr    Load Addr    Size         Type   Attr      Idx    E Section Name        Object

    0x20000000   COMPRESSED   0x00000002   Data   RW           42    .data               xd_dig_led.o
    0x20000002   COMPRESSED   0x00000002   PAD
    0x20000004   COMPRESSED   0x00000004   Data   RW          309    .data               xd_infrared.o
    0x20000008   COMPRESSED   0x00000004   Data   RW          717    .data               multi_button.o
    0x2000000c   COMPRESSED   0x00000004   Data   RW          810    .data               xd_sensor.o
    0x20000010   COMPRESSED   0x000000a3   Data   RW          915    .data               main.o
    0x200000b3   COMPRESSED   0x00000001   PAD
    0x200000b4   COMPRESSED   0x00000009   Data   RW         1585    .data               stm32f1xx_hal.o
    0x200000bd   COMPRESSED   0x00000003   PAD
    0x200000c0   COMPRESSED   0x00000004   Data   RW         3869    .data               system_stm32f1xx.o
    0x200000c4   COMPRESSED   0x0000003c   Data   RW         4534    .data               tasks.o
    0x20000100   COMPRESSED   0x00000014   Data   RW         4861    .data               timers.o
    0x20000114   COMPRESSED   0x00000004   Data   RW         5069    .data               cmsis_os2.o
    0x20000118   COMPRESSED   0x00000018   Data   RW         5444    .data               heap_4.o
    0x20000130   COMPRESSED   0x0000000c   Data   RW         5495    .data               port.o
    0x2000013c        -       0x00000214   Zero   RW          308    .bss                xd_infrared.o
    0x20000350        -       0x000000c8   Zero   RW          412    .bss                xd_key.o
    0x20000418        -       0x000000fc   Zero   RW          912    .bss                main.o
    0x20000514        -       0x00000040   Zero   RW         1212    .bss                stm32f1xx_hal_timebase_tim.o
    0x20000554        -       0x00000040   Zero   RW         4110    .bss                queue.o
    0x20000594        -       0x000004c4   Zero   RW         4533    .bss                tasks.o
    0x20000a58        -       0x00000118   Zero   RW         4860    .bss                timers.o
    0x20000b70        -       0x000006b8   Zero   RW         5068    .bss                cmsis_os2.o
    0x20001228        -       0x00000c00   Zero   RW         5443    .bss                heap_4.o
    0x20001e28        -       0x00000400   Zero   RW            1    STACK               startup_stm32f103xe.o


==============================================================================

Image component sizes


      Code (inc. data)   RO Data    RW Data    ZI Data      Debug   Object Name

       784         52          0          4       1720      16870   cmsis_os2.o
         0          0          0          0          0       8052   debug_printf.o
         0          0          0          0          0      20000   event_groups.o
         0          0          0          0          0       2612   freertos.o
       692         62          0         24       3072       4471   heap_4.o
       148          0          0          0          0       3222   list.o
      2938        202        204        163        252      11016   main.o
       714         18          0          4          0       3445   multi_button.o
       854         78          0         12          0      10509   port.o
      1914         20          0          0         64      16224   queue.o
        36          8        304          0       1024        772   startup_stm32f103xe.o
       116         24          0          9          0       5618   stm32f1xx_hal.o
      1892         64          0          0          0       7823   stm32f1xx_hal_adc.o
         2          0          0          0          0       1017   stm32f1xx_hal_adc_ex.o
       252         22          0          0          0      28474   stm32f1xx_hal_cortex.o
       860         40          0          0          0       3199   stm32f1xx_hal_gpio.o
        94          0          0          0          0       1595   stm32f1xx_hal_iwdg.o
       528         52          0          0          0       2818   stm32f1xx_hal_msp.o
      1852        120          0          0          0       6329   stm32f1xx_hal_rcc.o
       612         46          0          0          0       2321   stm32f1xx_hal_rcc_ex.o
      1824         44          0          0          0      14906   stm32f1xx_hal_tim.o
        88          0          0          0          0       2221   stm32f1xx_hal_tim_ex.o
       136         18          0          0         64       1343   stm32f1xx_hal_timebase_tim.o
       530          4          0          0          0       1644   stm32f1xx_hal_uart.o
        90         24          0          0          0       4335   stm32f1xx_it.o
         0          0          0          0          0       8464   stream_buffer.o
        88         18         24          4          0       1063   system_stm32f1xx.o
      2796        346          0         60       1220      22762   tasks.o
      1526        124          0         20        280      29779   timers.o
       610        108          0          2          0     517950   xd_dig_led.o
       822         54          0          4        532       7336   xd_infrared.o
      1000        126          0          0        200       7094   xd_key.o
       144         34          0          0          0       1812   xd_relay.o
        40          8          0          4          0        463   xd_sensor.o
      1018         76         32          0          0      10492   xd_tm1650.o
       168          8          0          0          0       1455   xd_x9c103.o

    ----------------------------------------------------------------------
     25214       1800        596        316       8428     789506   Object Totals
         0          0         32          0          0          0   (incl. Generated)
        46          0          0          6          0          0   (incl. Padding)

    ----------------------------------------------------------------------

      Code (inc. data)   RO Data    RW Data    ZI Data      Debug   Library Member Name

        58          0          0          0          0          0   __dczerorl.o
         0          0          0          0          0          0   entry.o
         0          0          0          0          0          0   entry10a.o
         0          0          0          0          0          0   entry11a.o
         8          4          0          0          0          0   entry2.o
         4          0          0          0          0          0   entry5.o
         0          0          0          0          0          0   entry7b.o
         0          0          0          0          0          0   entry8b.o
         8          4          0          0          0          0   entry9a.o
        30          0          0          0          0          0   handlers.o
        36          8          0          0          0         68   init.o
         0          0          0          0          0          0   iusefp.o
        30          0          0          0          0         68   llshl.o
        32          0          0          0          0         68   llushr.o
        36          0          0          0          0         68   memcpya.o
        36          0          0          0          0        108   memseta.o
        20          0          0          0          0         68   cfcmple.o
        20          0          0          0          0         68   cfrcmple.o
        56          0          0          0          0         88   d2f.o
       186          0          0          0          0        176   depilogue.o
       228          0          0          0          0         96   dmul.o
        38          0          0          0          0         68   f2d.o
       124          0          0          0          0         88   fdiv.o
       110          0          0          0          0        168   fepilogue.o
        50          0          0          0          0         68   ffixi.o
        10          0          0          0          0         68   ffltui.o
       100          0          0          0          0         76   fmul.o

    ----------------------------------------------------------------------
      1222         16          0          0          0       1412   Library Totals
         2          0          0          0          0          0   (incl. Padding)

    ----------------------------------------------------------------------

      Code (inc. data)   RO Data    RW Data    ZI Data      Debug   Library Name

       278         16          0          0          0        380   mc_w.l
       942          0          0          0          0       1032   mf_w.l

    ----------------------------------------------------------------------
      1222         16          0          0          0       1412   Library Totals

    ----------------------------------------------------------------------

==============================================================================


      Code (inc. data)   RO Data    RW Data    ZI Data      Debug   

     26436       1816        596        316       8428     777162   Grand Totals
     26436       1816        596         24       8428     777162   ELF Image Totals (compressed)
     26436       1816        596         24          0          0   ROM Totals

==============================================================================

    Total RO  Size (Code + RO Data)                27032 (  26.40kB)
    Total RW  Size (RW Data + ZI Data)              8744 (   8.54kB)
    Total ROM Size (Code + RO Data + RW Data)      27056 (  26.42kB)

==============================================================================

